"The Beatles/01_-_Please_Please_Me/01_-_I_Saw_Her_Standing_There/mono"
"The Beatles/01_-_Please_Please_Me/01_-_I_Saw_Her_Standing_There/left"
"The Beatles/01_-_Please_Please_Me/01_-_I_Saw_Her_Standing_There/right"
"The Beatles/01_-_Please_Please_Me/01_-_I_Saw_Her_Standing_There/hard_left"
"The Beatles/01_-_Please_Please_Me/01_-_I_Saw_Her_Standing_There/centre"
"The Beatles/01_-_Please_Please_Me/01_-_I_Saw_Her_Standing_There/hard_right"
"The Beatles/01_-_Please_Please_Me/01_-_I_Saw_Her_Standing_There/sides"
"The Beatles/01_-_Please_Please_Me/02_-_Misery/mono"
"The Beatles/01_-_Please_Please_Me/02_-_Misery/left"
"The Beatles/01_-_Please_Please_Me/02_-_Misery/right"
"The Beatles/01_-_Please_Please_Me/02_-_Misery/hard_left"
"The Beatles/01_-_Please_Please_Me/02_-_Misery/centre"
"The Beatles/01_-_Please_Please_Me/02_-_Misery/hard_right"
"The Beatles/01_-_Please_Please_Me/02_-_Misery/sides"
"The Beatles/01_-_Please_Please_Me/03_-_Anna_(Go_To_Him)/mono"
"The Beatles/01_-_Please_Please_Me/03_-_Anna_(Go_To_Him)/left"
"The Beatles/01_-_Please_Please_Me/03_-_Anna_(Go_To_Him)/right"
"The Beatles/01_-_Please_Please_Me/03_-_Anna_(Go_To_Him)/hard_left"
"The Beatles/01_-_Please_Please_Me/03_-_Anna_(Go_To_Him)/centre"
"The Beatles/01_-_Please_Please_Me/03_-_Anna_(Go_To_Him)/hard_right"
"The Beatles/01_-_Please_Please_Me/03_-_Anna_(Go_To_Him)/sides"
"The Beatles/01_-_Please_Please_Me/04_-_Chains/mono"
"The Beatles/01_-_Please_Please_Me/04_-_Chains/left"
"The Beatles/01_-_Please_Please_Me/04_-_Chains/right"
"The Beatles/01_-_Please_Please_Me/04_-_Chains/hard_left"
"The Beatles/01_-_Please_Please_Me/04_-_Chains/centre"
"The Beatles/01_-_Please_Please_Me/04_-_Chains/hard_right"
"The Beatles/01_-_Please_Please_Me/04_-_Chains/sides"
"The Beatles/01_-_Please_Please_Me/05_-_Boys/mono"
"The Beatles/01_-_Please_Please_Me/05_-_Boys/left"
"The Beatles/01_-_Please_Please_Me/05_-_Boys/right"
"The Beatles/01_-_Please_Please_Me/05_-_Boys/hard_left"
"The Beatles/01_-_Please_Please_Me/05_-_Boys/centre"
"The Beatles/01_-_Please_Please_Me/05_-_Boys/hard_right"
"The Beatles/01_-_Please_Please_Me/05_-_Boys/sides"
"The Beatles/01_-_Please_Please_Me/06_-_Ask_Me_Why/mono"
"The Beatles/01_-_Please_Please_Me/06_-_Ask_Me_Why/left"
"The Beatles/01_-_Please_Please_Me/06_-_Ask_Me_Why/right"
"The Beatles/01_-_Please_Please_Me/06_-_Ask_Me_Why/hard_left"
"The Beatles/01_-_Please_Please_Me/06_-_Ask_Me_Why/centre"
"The Beatles/01_-_Please_Please_Me/06_-_Ask_Me_Why/hard_right"
"The Beatles/01_-_Please_Please_Me/06_-_Ask_Me_Why/sides"
"The Beatles/01_-_Please_Please_Me/07_-_Please_Please_Me/mono"
"The Beatles/01_-_Please_Please_Me/07_-_Please_Please_Me/left"
"The Beatles/01_-_Please_Please_Me/07_-_Please_Please_Me/right"
"The Beatles/01_-_Please_Please_Me/07_-_Please_Please_Me/hard_left"
"The Beatles/01_-_Please_Please_Me/07_-_Please_Please_Me/centre"
"The Beatles/01_-_Please_Please_Me/07_-_Please_Please_Me/hard_right"
"The Beatles/01_-_Please_Please_Me/07_-_Please_Please_Me/sides"
"The Beatles/01_-_Please_Please_Me/08_-_Love_Me_Do/mono"
"The Beatles/01_-_Please_Please_Me/08_-_Love_Me_Do/left"
"The Beatles/01_-_Please_Please_Me/08_-_Love_Me_Do/right"
"The Beatles/01_-_Please_Please_Me/08_-_Love_Me_Do/hard_left"
"The Beatles/01_-_Please_Please_Me/08_-_Love_Me_Do/centre"
"The Beatles/01_-_Please_Please_Me/08_-_Love_Me_Do/hard_right"
"The Beatles/01_-_Please_Please_Me/08_-_Love_Me_Do/sides"
"The Beatles/01_-_Please_Please_Me/09_-_P._S._I_Love_You/mono"
"The Beatles/01_-_Please_Please_Me/09_-_P._S._I_Love_You/left"
"The Beatles/01_-_Please_Please_Me/09_-_P._S._I_Love_You/right"
"The Beatles/01_-_Please_Please_Me/09_-_P._S._I_Love_You/hard_left"
"The Beatles/01_-_Please_Please_Me/09_-_P._S._I_Love_You/centre"
"The Beatles/01_-_Please_Please_Me/09_-_P._S._I_Love_You/hard_right"
"The Beatles/01_-_Please_Please_Me/09_-_P._S._I_Love_You/sides"
"The Beatles/01_-_Please_Please_Me/10_-_Baby_It's_You/mono"
"The Beatles/01_-_Please_Please_Me/10_-_Baby_It's_You/left"
"The Beatles/01_-_Please_Please_Me/10_-_Baby_It's_You/right"
"The Beatles/01_-_Please_Please_Me/10_-_Baby_It's_You/hard_left"
"The Beatles/01_-_Please_Please_Me/10_-_Baby_It's_You/centre"
"The Beatles/01_-_Please_Please_Me/10_-_Baby_It's_You/hard_right"
"The Beatles/01_-_Please_Please_Me/10_-_Baby_It's_You/sides"
"The Beatles/01_-_Please_Please_Me/11_-_Do_You_Want_To_Know_A_Secret/mono"
"The Beatles/01_-_Please_Please_Me/11_-_Do_You_Want_To_Know_A_Secret/left"
"The Beatles/01_-_Please_Please_Me/11_-_Do_You_Want_To_Know_A_Secret/right"
"The Beatles/01_-_Please_Please_Me/11_-_Do_You_Want_To_Know_A_Secret/hard_left"
"The Beatles/01_-_Please_Please_Me/11_-_Do_You_Want_To_Know_A_Secret/centre"
"The Beatles/01_-_Please_Please_Me/11_-_Do_You_Want_To_Know_A_Secret/hard_right"
"The Beatles/01_-_Please_Please_Me/11_-_Do_You_Want_To_Know_A_Secret/sides"
"The Beatles/01_-_Please_Please_Me/12_-_A_Taste_Of_Honey/mono"
"The Beatles/01_-_Please_Please_Me/12_-_A_Taste_Of_Honey/left"
"The Beatles/01_-_Please_Please_Me/12_-_A_Taste_Of_Honey/right"
"The Beatles/01_-_Please_Please_Me/12_-_A_Taste_Of_Honey/hard_left"
"The Beatles/01_-_Please_Please_Me/12_-_A_Taste_Of_Honey/centre"
"The Beatles/01_-_Please_Please_Me/12_-_A_Taste_Of_Honey/hard_right"
"The Beatles/01_-_Please_Please_Me/12_-_A_Taste_Of_Honey/sides"
"The Beatles/01_-_Please_Please_Me/13_-_There's_A_Place/mono"
"The Beatles/01_-_Please_Please_Me/13_-_There's_A_Place/left"
"The Beatles/01_-_Please_Please_Me/13_-_There's_A_Place/right"
"The Beatles/01_-_Please_Please_Me/13_-_There's_A_Place/hard_left"
"The Beatles/01_-_Please_Please_Me/13_-_There's_A_Place/centre"
"The Beatles/01_-_Please_Please_Me/13_-_There's_A_Place/hard_right"
"The Beatles/01_-_Please_Please_Me/13_-_There's_A_Place/sides"
"The Beatles/01_-_Please_Please_Me/14_-_Twist_And_Shout/mono"
"The Beatles/01_-_Please_Please_Me/14_-_Twist_And_Shout/left"
"The Beatles/01_-_Please_Please_Me/14_-_Twist_And_Shout/right"
"The Beatles/01_-_Please_Please_Me/14_-_Twist_And_Shout/hard_left"
"The Beatles/01_-_Please_Please_Me/14_-_Twist_And_Shout/centre"
"The Beatles/01_-_Please_Please_Me/14_-_Twist_And_Shout/hard_right"
"The Beatles/01_-_Please_Please_Me/14_-_Twist_And_Shout/sides"
"The Beatles/02_-_With_the_Beatles/01_-_It_Won't_Be_Long/mono"
"The Beatles/02_-_With_the_Beatles/01_-_It_Won't_Be_Long/left"
"The Beatles/02_-_With_the_Beatles/01_-_It_Won't_Be_Long/right"
"The Beatles/02_-_With_the_Beatles/01_-_It_Won't_Be_Long/hard_left"
"The Beatles/02_-_With_the_Beatles/01_-_It_Won't_Be_Long/centre"
"The Beatles/02_-_With_the_Beatles/01_-_It_Won't_Be_Long/hard_right"
"The Beatles/02_-_With_the_Beatles/01_-_It_Won't_Be_Long/sides"
"The Beatles/02_-_With_the_Beatles/02_-_All_I've_Got_To_Do/mono"
"The Beatles/02_-_With_the_Beatles/02_-_All_I've_Got_To_Do/left"
"The Beatles/02_-_With_the_Beatles/02_-_All_I've_Got_To_Do/right"
"The Beatles/02_-_With_the_Beatles/02_-_All_I've_Got_To_Do/hard_left"
"The Beatles/02_-_With_the_Beatles/02_-_All_I've_Got_To_Do/centre"
"The Beatles/02_-_With_the_Beatles/02_-_All_I've_Got_To_Do/hard_right"
"The Beatles/02_-_With_the_Beatles/02_-_All_I've_Got_To_Do/sides"
"The Beatles/02_-_With_the_Beatles/03_-_All_My_Loving/mono"
"The Beatles/02_-_With_the_Beatles/03_-_All_My_Loving/left"
"The Beatles/02_-_With_the_Beatles/03_-_All_My_Loving/right"
"The Beatles/02_-_With_the_Beatles/03_-_All_My_Loving/hard_left"
"The Beatles/02_-_With_the_Beatles/03_-_All_My_Loving/centre"
"The Beatles/02_-_With_the_Beatles/03_-_All_My_Loving/hard_right"
"The Beatles/02_-_With_the_Beatles/03_-_All_My_Loving/sides"
"The Beatles/02_-_With_the_Beatles/04_-_Don't_Bother_Me/mono"
"The Beatles/02_-_With_the_Beatles/04_-_Don't_Bother_Me/left"
"The Beatles/02_-_With_the_Beatles/04_-_Don't_Bother_Me/right"
"The Beatles/02_-_With_the_Beatles/04_-_Don't_Bother_Me/hard_left"
"The Beatles/02_-_With_the_Beatles/04_-_Don't_Bother_Me/centre"
"The Beatles/02_-_With_the_Beatles/04_-_Don't_Bother_Me/hard_right"
"The Beatles/02_-_With_the_Beatles/04_-_Don't_Bother_Me/sides"
"The Beatles/02_-_With_the_Beatles/05_-_Little_Child/mono"
"The Beatles/02_-_With_the_Beatles/05_-_Little_Child/left"
"The Beatles/02_-_With_the_Beatles/05_-_Little_Child/right"
"The Beatles/02_-_With_the_Beatles/05_-_Little_Child/hard_left"
"The Beatles/02_-_With_the_Beatles/05_-_Little_Child/centre"
"The Beatles/02_-_With_the_Beatles/05_-_Little_Child/hard_right"
"The Beatles/02_-_With_the_Beatles/05_-_Little_Child/sides"
"The Beatles/02_-_With_the_Beatles/06_-_Till_There_Was_You/mono"
"The Beatles/02_-_With_the_Beatles/06_-_Till_There_Was_You/left"
"The Beatles/02_-_With_the_Beatles/06_-_Till_There_Was_You/right"
"The Beatles/02_-_With_the_Beatles/06_-_Till_There_Was_You/hard_left"
"The Beatles/02_-_With_the_Beatles/06_-_Till_There_Was_You/centre"
"The Beatles/02_-_With_the_Beatles/06_-_Till_There_Was_You/hard_right"
"The Beatles/02_-_With_the_Beatles/06_-_Till_There_Was_You/sides"
"The Beatles/02_-_With_the_Beatles/07_-_Please_Mister_Postman/mono"
"The Beatles/02_-_With_the_Beatles/07_-_Please_Mister_Postman/left"
"The Beatles/02_-_With_the_Beatles/07_-_Please_Mister_Postman/right"
"The Beatles/02_-_With_the_Beatles/07_-_Please_Mister_Postman/hard_left"
"The Beatles/02_-_With_the_Beatles/07_-_Please_Mister_Postman/centre"
"The Beatles/02_-_With_the_Beatles/07_-_Please_Mister_Postman/hard_right"
"The Beatles/02_-_With_the_Beatles/07_-_Please_Mister_Postman/sides"
"The Beatles/02_-_With_the_Beatles/08_-_Roll_Over_Beethoven/mono"
"The Beatles/02_-_With_the_Beatles/08_-_Roll_Over_Beethoven/left"
"The Beatles/02_-_With_the_Beatles/08_-_Roll_Over_Beethoven/right"
"The Beatles/02_-_With_the_Beatles/08_-_Roll_Over_Beethoven/hard_left"
"The Beatles/02_-_With_the_Beatles/08_-_Roll_Over_Beethoven/centre"
"The Beatles/02_-_With_the_Beatles/08_-_Roll_Over_Beethoven/hard_right"
"The Beatles/02_-_With_the_Beatles/08_-_Roll_Over_Beethoven/sides"
"The Beatles/02_-_With_the_Beatles/09_-_Hold_Me_Tight/mono"
"The Beatles/02_-_With_the_Beatles/09_-_Hold_Me_Tight/left"
"The Beatles/02_-_With_the_Beatles/09_-_Hold_Me_Tight/right"
"The Beatles/02_-_With_the_Beatles/09_-_Hold_Me_Tight/hard_left"
"The Beatles/02_-_With_the_Beatles/09_-_Hold_Me_Tight/centre"
"The Beatles/02_-_With_the_Beatles/09_-_Hold_Me_Tight/hard_right"
"The Beatles/02_-_With_the_Beatles/09_-_Hold_Me_Tight/sides"
"The Beatles/02_-_With_the_Beatles/10_-_You_Really_Got_A_Hold_On_Me/mono"
"The Beatles/02_-_With_the_Beatles/10_-_You_Really_Got_A_Hold_On_Me/left"
"The Beatles/02_-_With_the_Beatles/10_-_You_Really_Got_A_Hold_On_Me/right"
"The Beatles/02_-_With_the_Beatles/10_-_You_Really_Got_A_Hold_On_Me/hard_left"
"The Beatles/02_-_With_the_Beatles/10_-_You_Really_Got_A_Hold_On_Me/centre"
"The Beatles/02_-_With_the_Beatles/10_-_You_Really_Got_A_Hold_On_Me/hard_right"
"The Beatles/02_-_With_the_Beatles/10_-_You_Really_Got_A_Hold_On_Me/sides"
"The Beatles/02_-_With_the_Beatles/11_-_I_Wanna_Be_Your_Man/mono"
"The Beatles/02_-_With_the_Beatles/11_-_I_Wanna_Be_Your_Man/left"
"The Beatles/02_-_With_the_Beatles/11_-_I_Wanna_Be_Your_Man/right"
"The Beatles/02_-_With_the_Beatles/11_-_I_Wanna_Be_Your_Man/hard_left"
"The Beatles/02_-_With_the_Beatles/11_-_I_Wanna_Be_Your_Man/centre"
"The Beatles/02_-_With_the_Beatles/11_-_I_Wanna_Be_Your_Man/hard_right"
"The Beatles/02_-_With_the_Beatles/11_-_I_Wanna_Be_Your_Man/sides"
"The Beatles/02_-_With_the_Beatles/12_-_Devil_In_Her_Heart/mono"
"The Beatles/02_-_With_the_Beatles/12_-_Devil_In_Her_Heart/left"
"The Beatles/02_-_With_the_Beatles/12_-_Devil_In_Her_Heart/right"
"The Beatles/02_-_With_the_Beatles/12_-_Devil_In_Her_Heart/hard_left"
"The Beatles/02_-_With_the_Beatles/12_-_Devil_In_Her_Heart/centre"
"The Beatles/02_-_With_the_Beatles/12_-_Devil_In_Her_Heart/hard_right"
"The Beatles/02_-_With_the_Beatles/12_-_Devil_In_Her_Heart/sides"
"The Beatles/02_-_With_the_Beatles/13_-_Not_A_Second_Time/mono"
"The Beatles/02_-_With_the_Beatles/13_-_Not_A_Second_Time/left"
"The Beatles/02_-_With_the_Beatles/13_-_Not_A_Second_Time/right"
"The Beatles/02_-_With_the_Beatles/13_-_Not_A_Second_Time/hard_left"
"The Beatles/02_-_With_the_Beatles/13_-_Not_A_Second_Time/centre"
"The Beatles/02_-_With_the_Beatles/13_-_Not_A_Second_Time/hard_right"
"The Beatles/02_-_With_the_Beatles/13_-_Not_A_Second_Time/sides"
"The Beatles/02_-_With_the_Beatles/14_-_Money/mono"
"The Beatles/02_-_With_the_Beatles/14_-_Money/left"
"The Beatles/02_-_With_the_Beatles/14_-_Money/right"
"The Beatles/02_-_With_the_Beatles/14_-_Money/hard_left"
"The Beatles/02_-_With_the_Beatles/14_-_Money/centre"
"The Beatles/02_-_With_the_Beatles/14_-_Money/hard_right"
"The Beatles/02_-_With_the_Beatles/14_-_Money/sides"
"The Beatles/03_-_A_Hard_Day's_Night/01_-_A_Hard_Day's_Night/mono"
"The Beatles/03_-_A_Hard_Day's_Night/01_-_A_Hard_Day's_Night/left"
"The Beatles/03_-_A_Hard_Day's_Night/01_-_A_Hard_Day's_Night/right"
"The Beatles/03_-_A_Hard_Day's_Night/01_-_A_Hard_Day's_Night/hard_left"
"The Beatles/03_-_A_Hard_Day's_Night/01_-_A_Hard_Day's_Night/centre"
"The Beatles/03_-_A_Hard_Day's_Night/01_-_A_Hard_Day's_Night/hard_right"
"The Beatles/03_-_A_Hard_Day's_Night/01_-_A_Hard_Day's_Night/sides"
"The Beatles/03_-_A_Hard_Day's_Night/02_-_I_Should_Have_Known_Better/mono"
"The Beatles/03_-_A_Hard_Day's_Night/02_-_I_Should_Have_Known_Better/left"
"The Beatles/03_-_A_Hard_Day's_Night/02_-_I_Should_Have_Known_Better/right"
"The Beatles/03_-_A_Hard_Day's_Night/02_-_I_Should_Have_Known_Better/hard_left"
"The Beatles/03_-_A_Hard_Day's_Night/02_-_I_Should_Have_Known_Better/centre"
"The Beatles/03_-_A_Hard_Day's_Night/02_-_I_Should_Have_Known_Better/hard_right"
"The Beatles/03_-_A_Hard_Day's_Night/02_-_I_Should_Have_Known_Better/sides"
"The Beatles/03_-_A_Hard_Day's_Night/03_-_If_I_Fell/mono"
"The Beatles/03_-_A_Hard_Day's_Night/03_-_If_I_Fell/left"
"The Beatles/03_-_A_Hard_Day's_Night/03_-_If_I_Fell/right"
"The Beatles/03_-_A_Hard_Day's_Night/03_-_If_I_Fell/hard_left"
"The Beatles/03_-_A_Hard_Day's_Night/03_-_If_I_Fell/centre"
"The Beatles/03_-_A_Hard_Day's_Night/03_-_If_I_Fell/hard_right"
"The Beatles/03_-_A_Hard_Day's_Night/03_-_If_I_Fell/sides"
"The Beatles/03_-_A_Hard_Day's_Night/04_-_I'm_Happy_Just_To_Dance_With_You/mono"
"The Beatles/03_-_A_Hard_Day's_Night/04_-_I'm_Happy_Just_To_Dance_With_You/left"
"The Beatles/03_-_A_Hard_Day's_Night/04_-_I'm_Happy_Just_To_Dance_With_You/right"
"The Beatles/03_-_A_Hard_Day's_Night/04_-_I'm_Happy_Just_To_Dance_With_You/hard_left"
"The Beatles/03_-_A_Hard_Day's_Night/04_-_I'm_Happy_Just_To_Dance_With_You/centre"
"The Beatles/03_-_A_Hard_Day's_Night/04_-_I'm_Happy_Just_To_Dance_With_You/hard_right"
"The Beatles/03_-_A_Hard_Day's_Night/04_-_I'm_Happy_Just_To_Dance_With_You/sides"
"The Beatles/03_-_A_Hard_Day's_Night/05_-_And_I_Love_Her/mono"
"The Beatles/03_-_A_Hard_Day's_Night/05_-_And_I_Love_Her/left"
"The Beatles/03_-_A_Hard_Day's_Night/05_-_And_I_Love_Her/right"
"The Beatles/03_-_A_Hard_Day's_Night/05_-_And_I_Love_Her/hard_left"
"The Beatles/03_-_A_Hard_Day's_Night/05_-_And_I_Love_Her/centre"
"The Beatles/03_-_A_Hard_Day's_Night/05_-_And_I_Love_Her/hard_right"
"The Beatles/03_-_A_Hard_Day's_Night/05_-_And_I_Love_Her/sides"
"The Beatles/03_-_A_Hard_Day's_Night/06_-_Tell_Me_Why/mono"
"The Beatles/03_-_A_Hard_Day's_Night/06_-_Tell_Me_Why/left"
"The Beatles/03_-_A_Hard_Day's_Night/06_-_Tell_Me_Why/right"
"The Beatles/03_-_A_Hard_Day's_Night/06_-_Tell_Me_Why/hard_left"
"The Beatles/03_-_A_Hard_Day's_Night/06_-_Tell_Me_Why/centre"
"The Beatles/03_-_A_Hard_Day's_Night/06_-_Tell_Me_Why/hard_right"
"The Beatles/03_-_A_Hard_Day's_Night/06_-_Tell_Me_Why/sides"
"The Beatles/03_-_A_Hard_Day's_Night/07_-_Can't_Buy_Me_Love/mono"
"The Beatles/03_-_A_Hard_Day's_Night/07_-_Can't_Buy_Me_Love/left"
"The Beatles/03_-_A_Hard_Day's_Night/07_-_Can't_Buy_Me_Love/right"
"The Beatles/03_-_A_Hard_Day's_Night/07_-_Can't_Buy_Me_Love/hard_left"
"The Beatles/03_-_A_Hard_Day's_Night/07_-_Can't_Buy_Me_Love/centre"
"The Beatles/03_-_A_Hard_Day's_Night/07_-_Can't_Buy_Me_Love/hard_right"
"The Beatles/03_-_A_Hard_Day's_Night/07_-_Can't_Buy_Me_Love/sides"
"The Beatles/03_-_A_Hard_Day's_Night/08_-_Any_Time_At_All/mono"
"The Beatles/03_-_A_Hard_Day's_Night/08_-_Any_Time_At_All/left"
"The Beatles/03_-_A_Hard_Day's_Night/08_-_Any_Time_At_All/right"
"The Beatles/03_-_A_Hard_Day's_Night/08_-_Any_Time_At_All/hard_left"
"The Beatles/03_-_A_Hard_Day's_Night/08_-_Any_Time_At_All/centre"
"The Beatles/03_-_A_Hard_Day's_Night/08_-_Any_Time_At_All/hard_right"
"The Beatles/03_-_A_Hard_Day's_Night/08_-_Any_Time_At_All/sides"
"The Beatles/03_-_A_Hard_Day's_Night/09_-_I'll_Cry_Instead/mono"
"The Beatles/03_-_A_Hard_Day's_Night/09_-_I'll_Cry_Instead/left"
"The Beatles/03_-_A_Hard_Day's_Night/09_-_I'll_Cry_Instead/right"
"The Beatles/03_-_A_Hard_Day's_Night/09_-_I'll_Cry_Instead/hard_left"
"The Beatles/03_-_A_Hard_Day's_Night/09_-_I'll_Cry_Instead/centre"
"The Beatles/03_-_A_Hard_Day's_Night/09_-_I'll_Cry_Instead/hard_right"
"The Beatles/03_-_A_Hard_Day's_Night/09_-_I'll_Cry_Instead/sides"
"The Beatles/03_-_A_Hard_Day's_Night/10_-_Things_We_Said_Today/mono"
"The Beatles/03_-_A_Hard_Day's_Night/10_-_Things_We_Said_Today/left"
"The Beatles/03_-_A_Hard_Day's_Night/10_-_Things_We_Said_Today/right"
"The Beatles/03_-_A_Hard_Day's_Night/10_-_Things_We_Said_Today/hard_left"
"The Beatles/03_-_A_Hard_Day's_Night/10_-_Things_We_Said_Today/centre"
"The Beatles/03_-_A_Hard_Day's_Night/10_-_Things_We_Said_Today/hard_right"
"The Beatles/03_-_A_Hard_Day's_Night/10_-_Things_We_Said_Today/sides"
"The Beatles/03_-_A_Hard_Day's_Night/11_-_When_I_Get_Home/mono"
"The Beatles/03_-_A_Hard_Day's_Night/11_-_When_I_Get_Home/left"
"The Beatles/03_-_A_Hard_Day's_Night/11_-_When_I_Get_Home/right"
"The Beatles/03_-_A_Hard_Day's_Night/11_-_When_I_Get_Home/hard_left"
"The Beatles/03_-_A_Hard_Day's_Night/11_-_When_I_Get_Home/centre"
"The Beatles/03_-_A_Hard_Day's_Night/11_-_When_I_Get_Home/hard_right"
"The Beatles/03_-_A_Hard_Day's_Night/11_-_When_I_Get_Home/sides"
"The Beatles/03_-_A_Hard_Day's_Night/12_-_You_Can't_Do_That/mono"
"The Beatles/03_-_A_Hard_Day's_Night/12_-_You_Can't_Do_That/left"
"The Beatles/03_-_A_Hard_Day's_Night/12_-_You_Can't_Do_That/right"
"The Beatles/03_-_A_Hard_Day's_Night/12_-_You_Can't_Do_That/hard_left"
"The Beatles/03_-_A_Hard_Day's_Night/12_-_You_Can't_Do_That/centre"
"The Beatles/03_-_A_Hard_Day's_Night/12_-_You_Can't_Do_That/hard_right"
"The Beatles/03_-_A_Hard_Day's_Night/12_-_You_Can't_Do_That/sides"
"The Beatles/03_-_A_Hard_Day's_Night/13_-_I'll_Be_Back/mono"
"The Beatles/03_-_A_Hard_Day's_Night/13_-_I'll_Be_Back/left"
"The Beatles/03_-_A_Hard_Day's_Night/13_-_I'll_Be_Back/right"
"The Beatles/03_-_A_Hard_Day's_Night/13_-_I'll_Be_Back/hard_left"
"The Beatles/03_-_A_Hard_Day's_Night/13_-_I'll_Be_Back/centre"
"The Beatles/03_-_A_Hard_Day's_Night/13_-_I'll_Be_Back/hard_right"
"The Beatles/03_-_A_Hard_Day's_Night/13_-_I'll_Be_Back/sides"
"The Beatles/04_-_Beatles_for_Sale/01_-_No_Reply/mono"
"The Beatles/04_-_Beatles_for_Sale/01_-_No_Reply/left"
"The Beatles/04_-_Beatles_for_Sale/01_-_No_Reply/right"
"The Beatles/04_-_Beatles_for_Sale/01_-_No_Reply/hard_left"
"The Beatles/04_-_Beatles_for_Sale/01_-_No_Reply/centre"
"The Beatles/04_-_Beatles_for_Sale/01_-_No_Reply/hard_right"
"The Beatles/04_-_Beatles_for_Sale/01_-_No_Reply/sides"
"The Beatles/04_-_Beatles_for_Sale/02_-_I'm_a_Loser/mono"
"The Beatles/04_-_Beatles_for_Sale/02_-_I'm_a_Loser/left"
"The Beatles/04_-_Beatles_for_Sale/02_-_I'm_a_Loser/right"
"The Beatles/04_-_Beatles_for_Sale/02_-_I'm_a_Loser/hard_left"
"The Beatles/04_-_Beatles_for_Sale/02_-_I'm_a_Loser/centre"
"The Beatles/04_-_Beatles_for_Sale/02_-_I'm_a_Loser/hard_right"
"The Beatles/04_-_Beatles_for_Sale/02_-_I'm_a_Loser/sides"
"The Beatles/04_-_Beatles_for_Sale/03_-_Baby's_In_Black/mono"
"The Beatles/04_-_Beatles_for_Sale/03_-_Baby's_In_Black/left"
"The Beatles/04_-_Beatles_for_Sale/03_-_Baby's_In_Black/right"
"The Beatles/04_-_Beatles_for_Sale/03_-_Baby's_In_Black/hard_left"
"The Beatles/04_-_Beatles_for_Sale/03_-_Baby's_In_Black/centre"
"The Beatles/04_-_Beatles_for_Sale/03_-_Baby's_In_Black/hard_right"
"The Beatles/04_-_Beatles_for_Sale/03_-_Baby's_In_Black/sides"
"The Beatles/04_-_Beatles_for_Sale/04_-_Rock_and_Roll_Music/mono"
"The Beatles/04_-_Beatles_for_Sale/04_-_Rock_and_Roll_Music/left"
"The Beatles/04_-_Beatles_for_Sale/04_-_Rock_and_Roll_Music/right"
"The Beatles/04_-_Beatles_for_Sale/04_-_Rock_and_Roll_Music/hard_left"
"The Beatles/04_-_Beatles_for_Sale/04_-_Rock_and_Roll_Music/centre"
"The Beatles/04_-_Beatles_for_Sale/04_-_Rock_and_Roll_Music/hard_right"
"The Beatles/04_-_Beatles_for_Sale/04_-_Rock_and_Roll_Music/sides"
"The Beatles/04_-_Beatles_for_Sale/05_-_I'll_Follow_the_Sun/mono"
"The Beatles/04_-_Beatles_for_Sale/05_-_I'll_Follow_the_Sun/left"
"The Beatles/04_-_Beatles_for_Sale/05_-_I'll_Follow_the_Sun/right"
"The Beatles/04_-_Beatles_for_Sale/05_-_I'll_Follow_the_Sun/hard_left"
"The Beatles/04_-_Beatles_for_Sale/05_-_I'll_Follow_the_Sun/centre"
"The Beatles/04_-_Beatles_for_Sale/05_-_I'll_Follow_the_Sun/hard_right"
"The Beatles/04_-_Beatles_for_Sale/05_-_I'll_Follow_the_Sun/sides"
"The Beatles/04_-_Beatles_for_Sale/06_-_Mr._Moonlight/mono"
"The Beatles/04_-_Beatles_for_Sale/06_-_Mr._Moonlight/left"
"The Beatles/04_-_Beatles_for_Sale/06_-_Mr._Moonlight/right"
"The Beatles/04_-_Beatles_for_Sale/06_-_Mr._Moonlight/hard_left"
"The Beatles/04_-_Beatles_for_Sale/06_-_Mr._Moonlight/centre"
"The Beatles/04_-_Beatles_for_Sale/06_-_Mr._Moonlight/hard_right"
"The Beatles/04_-_Beatles_for_Sale/06_-_Mr._Moonlight/sides"
"The Beatles/04_-_Beatles_for_Sale/07_-_Kansas_City-_Hey,_Hey,_Hey,_Hey/mono"
"The Beatles/04_-_Beatles_for_Sale/07_-_Kansas_City-_Hey,_Hey,_Hey,_Hey/left"
"The Beatles/04_-_Beatles_for_Sale/07_-_Kansas_City-_Hey,_Hey,_Hey,_Hey/right"
"The Beatles/04_-_Beatles_for_Sale/07_-_Kansas_City-_Hey,_Hey,_Hey,_Hey/hard_left"
"The Beatles/04_-_Beatles_for_Sale/07_-_Kansas_City-_Hey,_Hey,_Hey,_Hey/centre"
"The Beatles/04_-_Beatles_for_Sale/07_-_Kansas_City-_Hey,_Hey,_Hey,_Hey/hard_right"
"The Beatles/04_-_Beatles_for_Sale/07_-_Kansas_City-_Hey,_Hey,_Hey,_Hey/sides"
"The Beatles/04_-_Beatles_for_Sale/08_-_Eight_Days_a_Week/mono"
"The Beatles/04_-_Beatles_for_Sale/08_-_Eight_Days_a_Week/left"
"The Beatles/04_-_Beatles_for_Sale/08_-_Eight_Days_a_Week/right"
"The Beatles/04_-_Beatles_for_Sale/08_-_Eight_Days_a_Week/hard_left"
"The Beatles/04_-_Beatles_for_Sale/08_-_Eight_Days_a_Week/centre"
"The Beatles/04_-_Beatles_for_Sale/08_-_Eight_Days_a_Week/hard_right"
"The Beatles/04_-_Beatles_for_Sale/08_-_Eight_Days_a_Week/sides"
"The Beatles/04_-_Beatles_for_Sale/09_-_Words_of_Love/mono"
"The Beatles/04_-_Beatles_for_Sale/09_-_Words_of_Love/left"
"The Beatles/04_-_Beatles_for_Sale/09_-_Words_of_Love/right"
"The Beatles/04_-_Beatles_for_Sale/09_-_Words_of_Love/hard_left"
"The Beatles/04_-_Beatles_for_Sale/09_-_Words_of_Love/centre"
"The Beatles/04_-_Beatles_for_Sale/09_-_Words_of_Love/hard_right"
"The Beatles/04_-_Beatles_for_Sale/09_-_Words_of_Love/sides"
"The Beatles/04_-_Beatles_for_Sale/10_-_Honey_Don't/mono"
"The Beatles/04_-_Beatles_for_Sale/10_-_Honey_Don't/left"
"The Beatles/04_-_Beatles_for_Sale/10_-_Honey_Don't/right"
"The Beatles/04_-_Beatles_for_Sale/10_-_Honey_Don't/hard_left"
"The Beatles/04_-_Beatles_for_Sale/10_-_Honey_Don't/centre"
"The Beatles/04_-_Beatles_for_Sale/10_-_Honey_Don't/hard_right"
"The Beatles/04_-_Beatles_for_Sale/10_-_Honey_Don't/sides"
"The Beatles/04_-_Beatles_for_Sale/11_-_Every_Little_Thing/mono"
"The Beatles/04_-_Beatles_for_Sale/11_-_Every_Little_Thing/left"
"The Beatles/04_-_Beatles_for_Sale/11_-_Every_Little_Thing/right"
"The Beatles/04_-_Beatles_for_Sale/11_-_Every_Little_Thing/hard_left"
"The Beatles/04_-_Beatles_for_Sale/11_-_Every_Little_Thing/centre"
"The Beatles/04_-_Beatles_for_Sale/11_-_Every_Little_Thing/hard_right"
"The Beatles/04_-_Beatles_for_Sale/11_-_Every_Little_Thing/sides"
"The Beatles/04_-_Beatles_for_Sale/12_-_I_Don't_Want_to_Spoil_the_Party/mono"
"The Beatles/04_-_Beatles_for_Sale/12_-_I_Don't_Want_to_Spoil_the_Party/left"
"The Beatles/04_-_Beatles_for_Sale/12_-_I_Don't_Want_to_Spoil_the_Party/right"
"The Beatles/04_-_Beatles_for_Sale/12_-_I_Don't_Want_to_Spoil_the_Party/hard_left"
"The Beatles/04_-_Beatles_for_Sale/12_-_I_Don't_Want_to_Spoil_the_Party/centre"
"The Beatles/04_-_Beatles_for_Sale/12_-_I_Don't_Want_to_Spoil_the_Party/hard_right"
"The Beatles/04_-_Beatles_for_Sale/12_-_I_Don't_Want_to_Spoil_the_Party/sides"
"The Beatles/04_-_Beatles_for_Sale/13_-_What_You're_Doing/mono"
"The Beatles/04_-_Beatles_for_Sale/13_-_What_You're_Doing/left"
"The Beatles/04_-_Beatles_for_Sale/13_-_What_You're_Doing/right"
"The Beatles/04_-_Beatles_for_Sale/13_-_What_You're_Doing/hard_left"
"The Beatles/04_-_Beatles_for_Sale/13_-_What_You're_Doing/centre"
"The Beatles/04_-_Beatles_for_Sale/13_-_What_You're_Doing/hard_right"
"The Beatles/04_-_Beatles_for_Sale/13_-_What_You're_Doing/sides"
"The Beatles/04_-_Beatles_for_Sale/14_-_Everybody's_Trying_to_Be_My_Baby/mono"
"The Beatles/04_-_Beatles_for_Sale/14_-_Everybody's_Trying_to_Be_My_Baby/left"
"The Beatles/04_-_Beatles_for_Sale/14_-_Everybody's_Trying_to_Be_My_Baby/right"
"The Beatles/04_-_Beatles_for_Sale/14_-_Everybody's_Trying_to_Be_My_Baby/hard_left"
"The Beatles/04_-_Beatles_for_Sale/14_-_Everybody's_Trying_to_Be_My_Baby/centre"
"The Beatles/04_-_Beatles_for_Sale/14_-_Everybody's_Trying_to_Be_My_Baby/hard_right"
"The Beatles/04_-_Beatles_for_Sale/14_-_Everybody's_Trying_to_Be_My_Baby/sides"
"The Beatles/05_-_Help!/01_-_Help!/mono"
"The Beatles/05_-_Help!/01_-_Help!/left"
"The Beatles/05_-_Help!/01_-_Help!/right"
"The Beatles/05_-_Help!/01_-_Help!/hard_left"
"The Beatles/05_-_Help!/01_-_Help!/centre"
"The Beatles/05_-_Help!/01_-_Help!/hard_right"
"The Beatles/05_-_Help!/01_-_Help!/sides"
"The Beatles/05_-_Help!/02_-_The_Night_Before/mono"
"The Beatles/05_-_Help!/02_-_The_Night_Before/left"
"The Beatles/05_-_Help!/02_-_The_Night_Before/right"
"The Beatles/05_-_Help!/02_-_The_Night_Before/hard_left"
"The Beatles/05_-_Help!/02_-_The_Night_Before/centre"
"The Beatles/05_-_Help!/02_-_The_Night_Before/hard_right"
"The Beatles/05_-_Help!/02_-_The_Night_Before/sides"
"The Beatles/05_-_Help!/03_-_You've_Got_To_Hide_Your_Love_Away/mono"
"The Beatles/05_-_Help!/03_-_You've_Got_To_Hide_Your_Love_Away/left"
"The Beatles/05_-_Help!/03_-_You've_Got_To_Hide_Your_Love_Away/right"
"The Beatles/05_-_Help!/03_-_You've_Got_To_Hide_Your_Love_Away/hard_left"
"The Beatles/05_-_Help!/03_-_You've_Got_To_Hide_Your_Love_Away/centre"
"The Beatles/05_-_Help!/03_-_You've_Got_To_Hide_Your_Love_Away/hard_right"
"The Beatles/05_-_Help!/03_-_You've_Got_To_Hide_Your_Love_Away/sides"
"The Beatles/05_-_Help!/04_-_I_Need_You/mono"
"The Beatles/05_-_Help!/04_-_I_Need_You/left"
"The Beatles/05_-_Help!/04_-_I_Need_You/right"
"The Beatles/05_-_Help!/04_-_I_Need_You/hard_left"
"The Beatles/05_-_Help!/04_-_I_Need_You/centre"
"The Beatles/05_-_Help!/04_-_I_Need_You/hard_right"
"The Beatles/05_-_Help!/04_-_I_Need_You/sides"
"The Beatles/05_-_Help!/05_-_Another_Girl/mono"
"The Beatles/05_-_Help!/05_-_Another_Girl/left"
"The Beatles/05_-_Help!/05_-_Another_Girl/right"
"The Beatles/05_-_Help!/05_-_Another_Girl/hard_left"
"The Beatles/05_-_Help!/05_-_Another_Girl/centre"
"The Beatles/05_-_Help!/05_-_Another_Girl/hard_right"
"The Beatles/05_-_Help!/05_-_Another_Girl/sides"
"The Beatles/05_-_Help!/06_-_You're_Going_to_Lose_That_Girl/mono"
"The Beatles/05_-_Help!/06_-_You're_Going_to_Lose_That_Girl/left"
"The Beatles/05_-_Help!/06_-_You're_Going_to_Lose_That_Girl/right"
"The Beatles/05_-_Help!/06_-_You're_Going_to_Lose_That_Girl/hard_left"
"The Beatles/05_-_Help!/06_-_You're_Going_to_Lose_That_Girl/centre"
"The Beatles/05_-_Help!/06_-_You're_Going_to_Lose_That_Girl/hard_right"
"The Beatles/05_-_Help!/06_-_You're_Going_to_Lose_That_Girl/sides"
"The Beatles/05_-_Help!/07_-_Ticket_To_Ride/mono"
"The Beatles/05_-_Help!/07_-_Ticket_To_Ride/left"
"The Beatles/05_-_Help!/07_-_Ticket_To_Ride/right"
"The Beatles/05_-_Help!/07_-_Ticket_To_Ride/hard_left"
"The Beatles/05_-_Help!/07_-_Ticket_To_Ride/centre"
"The Beatles/05_-_Help!/07_-_Ticket_To_Ride/hard_right"
"The Beatles/05_-_Help!/07_-_Ticket_To_Ride/sides"
"The Beatles/05_-_Help!/08_-_Act_Naturally/mono"
"The Beatles/05_-_Help!/08_-_Act_Naturally/left"
"The Beatles/05_-_Help!/08_-_Act_Naturally/right"
"The Beatles/05_-_Help!/08_-_Act_Naturally/hard_left"
"The Beatles/05_-_Help!/08_-_Act_Naturally/centre"
"The Beatles/05_-_Help!/08_-_Act_Naturally/hard_right"
"The Beatles/05_-_Help!/08_-_Act_Naturally/sides"
"The Beatles/05_-_Help!/09_-_It's_Only_Love/mono"
"The Beatles/05_-_Help!/09_-_It's_Only_Love/left"
"The Beatles/05_-_Help!/09_-_It's_Only_Love/right"
"The Beatles/05_-_Help!/09_-_It's_Only_Love/hard_left"
"The Beatles/05_-_Help!/09_-_It's_Only_Love/centre"
"The Beatles/05_-_Help!/09_-_It's_Only_Love/hard_right"
"The Beatles/05_-_Help!/09_-_It's_Only_Love/sides"
"The Beatles/05_-_Help!/10_-_You_Like_Me_Too_Much/mono"
"The Beatles/05_-_Help!/10_-_You_Like_Me_Too_Much/left"
"The Beatles/05_-_Help!/10_-_You_Like_Me_Too_Much/right"
"The Beatles/05_-_Help!/10_-_You_Like_Me_Too_Much/hard_left"
"The Beatles/05_-_Help!/10_-_You_Like_Me_Too_Much/centre"
"The Beatles/05_-_Help!/10_-_You_Like_Me_Too_Much/hard_right"
"The Beatles/05_-_Help!/10_-_You_Like_Me_Too_Much/sides"
"The Beatles/05_-_Help!/11_-_Tell_Me_What_You_See/mono"
"The Beatles/05_-_Help!/11_-_Tell_Me_What_You_See/left"
"The Beatles/05_-_Help!/11_-_Tell_Me_What_You_See/right"
"The Beatles/05_-_Help!/11_-_Tell_Me_What_You_See/hard_left"
"The Beatles/05_-_Help!/11_-_Tell_Me_What_You_See/centre"
"The Beatles/05_-_Help!/11_-_Tell_Me_What_You_See/hard_right"
"The Beatles/05_-_Help!/11_-_Tell_Me_What_You_See/sides"
"The Beatles/05_-_Help!/12_-_I've_Just_Seen_a_Face/mono"
"The Beatles/05_-_Help!/12_-_I've_Just_Seen_a_Face/left"
"The Beatles/05_-_Help!/12_-_I've_Just_Seen_a_Face/right"
"The Beatles/05_-_Help!/12_-_I've_Just_Seen_a_Face/hard_left"
"The Beatles/05_-_Help!/12_-_I've_Just_Seen_a_Face/centre"
"The Beatles/05_-_Help!/12_-_I've_Just_Seen_a_Face/hard_right"
"The Beatles/05_-_Help!/12_-_I've_Just_Seen_a_Face/sides"
"The Beatles/05_-_Help!/13_-_Yesterday/mono"
"The Beatles/05_-_Help!/13_-_Yesterday/left"
"The Beatles/05_-_Help!/13_-_Yesterday/right"
"The Beatles/05_-_Help!/13_-_Yesterday/hard_left"
"The Beatles/05_-_Help!/13_-_Yesterday/centre"
"The Beatles/05_-_Help!/13_-_Yesterday/hard_right"
"The Beatles/05_-_Help!/13_-_Yesterday/sides"
"The Beatles/05_-_Help!/14_-_Dizzy_Miss_Lizzy/mono"
"The Beatles/05_-_Help!/14_-_Dizzy_Miss_Lizzy/left"
"The Beatles/05_-_Help!/14_-_Dizzy_Miss_Lizzy/right"
"The Beatles/05_-_Help!/14_-_Dizzy_Miss_Lizzy/hard_left"
"The Beatles/05_-_Help!/14_-_Dizzy_Miss_Lizzy/centre"
"The Beatles/05_-_Help!/14_-_Dizzy_Miss_Lizzy/hard_right"
"The Beatles/05_-_Help!/14_-_Dizzy_Miss_Lizzy/sides"
"The Beatles/06_-_Rubber_Soul/01_-_Drive_My_Car/mono"
"The Beatles/06_-_Rubber_Soul/01_-_Drive_My_Car/left"
"The Beatles/06_-_Rubber_Soul/01_-_Drive_My_Car/right"
"The Beatles/06_-_Rubber_Soul/01_-_Drive_My_Car/hard_left"
"The Beatles/06_-_Rubber_Soul/01_-_Drive_My_Car/centre"
"The Beatles/06_-_Rubber_Soul/01_-_Drive_My_Car/hard_right"
"The Beatles/06_-_Rubber_Soul/01_-_Drive_My_Car/sides"
"The Beatles/06_-_Rubber_Soul/02_-_Norwegian_Wood_(This_Bird_Has_Flown)/mono"
"The Beatles/06_-_Rubber_Soul/02_-_Norwegian_Wood_(This_Bird_Has_Flown)/left"
"The Beatles/06_-_Rubber_Soul/02_-_Norwegian_Wood_(This_Bird_Has_Flown)/right"
"The Beatles/06_-_Rubber_Soul/02_-_Norwegian_Wood_(This_Bird_Has_Flown)/hard_left"
"The Beatles/06_-_Rubber_Soul/02_-_Norwegian_Wood_(This_Bird_Has_Flown)/centre"
"The Beatles/06_-_Rubber_Soul/02_-_Norwegian_Wood_(This_Bird_Has_Flown)/hard_right"
"The Beatles/06_-_Rubber_Soul/02_-_Norwegian_Wood_(This_Bird_Has_Flown)/sides"
"The Beatles/06_-_Rubber_Soul/03_-_You_Won't_See_Me/mono"
"The Beatles/06_-_Rubber_Soul/03_-_You_Won't_See_Me/left"
"The Beatles/06_-_Rubber_Soul/03_-_You_Won't_See_Me/right"
"The Beatles/06_-_Rubber_Soul/03_-_You_Won't_See_Me/hard_left"
"The Beatles/06_-_Rubber_Soul/03_-_You_Won't_See_Me/centre"
"The Beatles/06_-_Rubber_Soul/03_-_You_Won't_See_Me/hard_right"
"The Beatles/06_-_Rubber_Soul/03_-_You_Won't_See_Me/sides"
"The Beatles/06_-_Rubber_Soul/04_-_Nowhere_Man/mono"
"The Beatles/06_-_Rubber_Soul/04_-_Nowhere_Man/left"
"The Beatles/06_-_Rubber_Soul/04_-_Nowhere_Man/right"
"The Beatles/06_-_Rubber_Soul/04_-_Nowhere_Man/hard_left"
"The Beatles/06_-_Rubber_Soul/04_-_Nowhere_Man/centre"
"The Beatles/06_-_Rubber_Soul/04_-_Nowhere_Man/hard_right"
"The Beatles/06_-_Rubber_Soul/04_-_Nowhere_Man/sides"
"The Beatles/06_-_Rubber_Soul/05_-_Think_For_Yourself/mono"
"The Beatles/06_-_Rubber_Soul/05_-_Think_For_Yourself/left"
"The Beatles/06_-_Rubber_Soul/05_-_Think_For_Yourself/right"
"The Beatles/06_-_Rubber_Soul/05_-_Think_For_Yourself/hard_left"
"The Beatles/06_-_Rubber_Soul/05_-_Think_For_Yourself/centre"
"The Beatles/06_-_Rubber_Soul/05_-_Think_For_Yourself/hard_right"
"The Beatles/06_-_Rubber_Soul/05_-_Think_For_Yourself/sides"
"The Beatles/06_-_Rubber_Soul/06_-_The_Word/mono"
"The Beatles/06_-_Rubber_Soul/06_-_The_Word/left"
"The Beatles/06_-_Rubber_Soul/06_-_The_Word/right"
"The Beatles/06_-_Rubber_Soul/06_-_The_Word/hard_left"
"The Beatles/06_-_Rubber_Soul/06_-_The_Word/centre"
"The Beatles/06_-_Rubber_Soul/06_-_The_Word/hard_right"
"The Beatles/06_-_Rubber_Soul/06_-_The_Word/sides"
"The Beatles/06_-_Rubber_Soul/07_-_Michelle/mono"
"The Beatles/06_-_Rubber_Soul/07_-_Michelle/left"
"The Beatles/06_-_Rubber_Soul/07_-_Michelle/right"
"The Beatles/06_-_Rubber_Soul/07_-_Michelle/hard_left"
"The Beatles/06_-_Rubber_Soul/07_-_Michelle/centre"
"The Beatles/06_-_Rubber_Soul/07_-_Michelle/hard_right"
"The Beatles/06_-_Rubber_Soul/07_-_Michelle/sides"
"The Beatles/06_-_Rubber_Soul/08_-_What_Goes_On/mono"
"The Beatles/06_-_Rubber_Soul/08_-_What_Goes_On/left"
"The Beatles/06_-_Rubber_Soul/08_-_What_Goes_On/right"
"The Beatles/06_-_Rubber_Soul/08_-_What_Goes_On/hard_left"
"The Beatles/06_-_Rubber_Soul/08_-_What_Goes_On/centre"
"The Beatles/06_-_Rubber_Soul/08_-_What_Goes_On/hard_right"
"The Beatles/06_-_Rubber_Soul/08_-_What_Goes_On/sides"
"The Beatles/06_-_Rubber_Soul/09_-_Girl/mono"
"The Beatles/06_-_Rubber_Soul/09_-_Girl/left"
"The Beatles/06_-_Rubber_Soul/09_-_Girl/right"
"The Beatles/06_-_Rubber_Soul/09_-_Girl/hard_left"
"The Beatles/06_-_Rubber_Soul/09_-_Girl/centre"
"The Beatles/06_-_Rubber_Soul/09_-_Girl/hard_right"
"The Beatles/06_-_Rubber_Soul/09_-_Girl/sides"
"The Beatles/06_-_Rubber_Soul/10_-_I'm_Looking_Through_You/mono"
"The Beatles/06_-_Rubber_Soul/10_-_I'm_Looking_Through_You/left"
"The Beatles/06_-_Rubber_Soul/10_-_I'm_Looking_Through_You/right"
"The Beatles/06_-_Rubber_Soul/10_-_I'm_Looking_Through_You/hard_left"
"The Beatles/06_-_Rubber_Soul/10_-_I'm_Looking_Through_You/centre"
"The Beatles/06_-_Rubber_Soul/10_-_I'm_Looking_Through_You/hard_right"
"The Beatles/06_-_Rubber_Soul/10_-_I'm_Looking_Through_You/sides"
"The Beatles/06_-_Rubber_Soul/11_-_In_My_Life/mono"
"The Beatles/06_-_Rubber_Soul/11_-_In_My_Life/left"
"The Beatles/06_-_Rubber_Soul/11_-_In_My_Life/right"
"The Beatles/06_-_Rubber_Soul/11_-_In_My_Life/hard_left"
"The Beatles/06_-_Rubber_Soul/11_-_In_My_Life/centre"
"The Beatles/06_-_Rubber_Soul/11_-_In_My_Life/hard_right"
"The Beatles/06_-_Rubber_Soul/11_-_In_My_Life/sides"
"The Beatles/06_-_Rubber_Soul/12_-_Wait/mono"
"The Beatles/06_-_Rubber_Soul/12_-_Wait/left"
"The Beatles/06_-_Rubber_Soul/12_-_Wait/right"
"The Beatles/06_-_Rubber_Soul/12_-_Wait/hard_left"
"The Beatles/06_-_Rubber_Soul/12_-_Wait/centre"
"The Beatles/06_-_Rubber_Soul/12_-_Wait/hard_right"
"The Beatles/06_-_Rubber_Soul/12_-_Wait/sides"
"The Beatles/06_-_Rubber_Soul/13_-_If_I_Needed_Someone/mono"
"The Beatles/06_-_Rubber_Soul/13_-_If_I_Needed_Someone/left"
"The Beatles/06_-_Rubber_Soul/13_-_If_I_Needed_Someone/right"
"The Beatles/06_-_Rubber_Soul/13_-_If_I_Needed_Someone/hard_left"
"The Beatles/06_-_Rubber_Soul/13_-_If_I_Needed_Someone/centre"
"The Beatles/06_-_Rubber_Soul/13_-_If_I_Needed_Someone/hard_right"
"The Beatles/06_-_Rubber_Soul/13_-_If_I_Needed_Someone/sides"
"The Beatles/06_-_Rubber_Soul/14_-_Run_For_Your_Life/mono"
"The Beatles/06_-_Rubber_Soul/14_-_Run_For_Your_Life/left"
"The Beatles/06_-_Rubber_Soul/14_-_Run_For_Your_Life/right"
"The Beatles/06_-_Rubber_Soul/14_-_Run_For_Your_Life/hard_left"
"The Beatles/06_-_Rubber_Soul/14_-_Run_For_Your_Life/centre"
"The Beatles/06_-_Rubber_Soul/14_-_Run_For_Your_Life/hard_right"
"The Beatles/06_-_Rubber_Soul/14_-_Run_For_Your_Life/sides"
"The Beatles/07_-_Revolver/01_-_Taxman/mono"
"The Beatles/07_-_Revolver/01_-_Taxman/left"
"The Beatles/07_-_Revolver/01_-_Taxman/right"
"The Beatles/07_-_Revolver/01_-_Taxman/hard_left"
"The Beatles/07_-_Revolver/01_-_Taxman/centre"
"The Beatles/07_-_Revolver/01_-_Taxman/hard_right"
"The Beatles/07_-_Revolver/01_-_Taxman/sides"
"The Beatles/07_-_Revolver/02_-_Eleanor_Rigby/mono"
"The Beatles/07_-_Revolver/02_-_Eleanor_Rigby/left"
"The Beatles/07_-_Revolver/02_-_Eleanor_Rigby/right"
"The Beatles/07_-_Revolver/02_-_Eleanor_Rigby/hard_left"
"The Beatles/07_-_Revolver/02_-_Eleanor_Rigby/centre"
"The Beatles/07_-_Revolver/02_-_Eleanor_Rigby/hard_right"
"The Beatles/07_-_Revolver/02_-_Eleanor_Rigby/sides"
"The Beatles/07_-_Revolver/03_-_I'm_Only_Sleeping/mono"
"The Beatles/07_-_Revolver/03_-_I'm_Only_Sleeping/left"
"The Beatles/07_-_Revolver/03_-_I'm_Only_Sleeping/right"
"The Beatles/07_-_Revolver/03_-_I'm_Only_Sleeping/hard_left"
"The Beatles/07_-_Revolver/03_-_I'm_Only_Sleeping/centre"
"The Beatles/07_-_Revolver/03_-_I'm_Only_Sleeping/hard_right"
"The Beatles/07_-_Revolver/03_-_I'm_Only_Sleeping/sides"
"The Beatles/07_-_Revolver/04_-_Love_You_To/mono"
"The Beatles/07_-_Revolver/04_-_Love_You_To/left"
"The Beatles/07_-_Revolver/04_-_Love_You_To/right"
"The Beatles/07_-_Revolver/04_-_Love_You_To/hard_left"
"The Beatles/07_-_Revolver/04_-_Love_You_To/centre"
"The Beatles/07_-_Revolver/04_-_Love_You_To/hard_right"
"The Beatles/07_-_Revolver/04_-_Love_You_To/sides"
"The Beatles/07_-_Revolver/05_-_Here,_There_And_Everywhere/mono"
"The Beatles/07_-_Revolver/05_-_Here,_There_And_Everywhere/left"
"The Beatles/07_-_Revolver/05_-_Here,_There_And_Everywhere/right"
"The Beatles/07_-_Revolver/05_-_Here,_There_And_Everywhere/hard_left"
"The Beatles/07_-_Revolver/05_-_Here,_There_And_Everywhere/centre"
"The Beatles/07_-_Revolver/05_-_Here,_There_And_Everywhere/hard_right"
"The Beatles/07_-_Revolver/05_-_Here,_There_And_Everywhere/sides"
"The Beatles/07_-_Revolver/06_-_Yellow_Submarine/mono"
"The Beatles/07_-_Revolver/06_-_Yellow_Submarine/left"
"The Beatles/07_-_Revolver/06_-_Yellow_Submarine/right"
"The Beatles/07_-_Revolver/06_-_Yellow_Submarine/hard_left"
"The Beatles/07_-_Revolver/06_-_Yellow_Submarine/centre"
"The Beatles/07_-_Revolver/06_-_Yellow_Submarine/hard_right"
"The Beatles/07_-_Revolver/06_-_Yellow_Submarine/sides"
"The Beatles/07_-_Revolver/07_-_She_Said_She_Said/mono"
"The Beatles/07_-_Revolver/07_-_She_Said_She_Said/left"
"The Beatles/07_-_Revolver/07_-_She_Said_She_Said/right"
"The Beatles/07_-_Revolver/07_-_She_Said_She_Said/hard_left"
"The Beatles/07_-_Revolver/07_-_She_Said_She_Said/centre"
"The Beatles/07_-_Revolver/07_-_She_Said_She_Said/hard_right"
"The Beatles/07_-_Revolver/07_-_She_Said_She_Said/sides"
"The Beatles/07_-_Revolver/08_-_Good_Day_Sunshine/mono"
"The Beatles/07_-_Revolver/08_-_Good_Day_Sunshine/left"
"The Beatles/07_-_Revolver/08_-_Good_Day_Sunshine/right"
"The Beatles/07_-_Revolver/08_-_Good_Day_Sunshine/hard_left"
"The Beatles/07_-_Revolver/08_-_Good_Day_Sunshine/centre"
"The Beatles/07_-_Revolver/08_-_Good_Day_Sunshine/hard_right"
"The Beatles/07_-_Revolver/08_-_Good_Day_Sunshine/sides"
"The Beatles/07_-_Revolver/09_-_And_Your_Bird_Can_Sing/mono"
"The Beatles/07_-_Revolver/09_-_And_Your_Bird_Can_Sing/left"
"The Beatles/07_-_Revolver/09_-_And_Your_Bird_Can_Sing/right"
"The Beatles/07_-_Revolver/09_-_And_Your_Bird_Can_Sing/hard_left"
"The Beatles/07_-_Revolver/09_-_And_Your_Bird_Can_Sing/centre"
"The Beatles/07_-_Revolver/09_-_And_Your_Bird_Can_Sing/hard_right"
"The Beatles/07_-_Revolver/09_-_And_Your_Bird_Can_Sing/sides"
"The Beatles/07_-_Revolver/10_-_For_No_One/mono"
"The Beatles/07_-_Revolver/10_-_For_No_One/left"
"The Beatles/07_-_Revolver/10_-_For_No_One/right"
"The Beatles/07_-_Revolver/10_-_For_No_One/hard_left"
"The Beatles/07_-_Revolver/10_-_For_No_One/centre"
"The Beatles/07_-_Revolver/10_-_For_No_One/hard_right"
"The Beatles/07_-_Revolver/10_-_For_No_One/sides"
"The Beatles/07_-_Revolver/11_-_Doctor_Robert/mono"
"The Beatles/07_-_Revolver/11_-_Doctor_Robert/left"
"The Beatles/07_-_Revolver/11_-_Doctor_Robert/right"
"The Beatles/07_-_Revolver/11_-_Doctor_Robert/hard_left"
"The Beatles/07_-_Revolver/11_-_Doctor_Robert/centre"
"The Beatles/07_-_Revolver/11_-_Doctor_Robert/hard_right"
"The Beatles/07_-_Revolver/11_-_Doctor_Robert/sides"
"The Beatles/07_-_Revolver/12_-_I_Want_To_Tell_You/mono"
"The Beatles/07_-_Revolver/12_-_I_Want_To_Tell_You/left"
"The Beatles/07_-_Revolver/12_-_I_Want_To_Tell_You/right"
"The Beatles/07_-_Revolver/12_-_I_Want_To_Tell_You/hard_left"
"The Beatles/07_-_Revolver/12_-_I_Want_To_Tell_You/centre"
"The Beatles/07_-_Revolver/12_-_I_Want_To_Tell_You/hard_right"
"The Beatles/07_-_Revolver/12_-_I_Want_To_Tell_You/sides"
"The Beatles/07_-_Revolver/13_-_Got_To_Get_You_Into_My_Life/mono"
"The Beatles/07_-_Revolver/13_-_Got_To_Get_You_Into_My_Life/left"
"The Beatles/07_-_Revolver/13_-_Got_To_Get_You_Into_My_Life/right"
"The Beatles/07_-_Revolver/13_-_Got_To_Get_You_Into_My_Life/hard_left"
"The Beatles/07_-_Revolver/13_-_Got_To_Get_You_Into_My_Life/centre"
"The Beatles/07_-_Revolver/13_-_Got_To_Get_You_Into_My_Life/hard_right"
"The Beatles/07_-_Revolver/13_-_Got_To_Get_You_Into_My_Life/sides"
"The Beatles/07_-_Revolver/14_-_Tomorrow_Never_Knows/mono"
"The Beatles/07_-_Revolver/14_-_Tomorrow_Never_Knows/left"
"The Beatles/07_-_Revolver/14_-_Tomorrow_Never_Knows/right"
"The Beatles/07_-_Revolver/14_-_Tomorrow_Never_Knows/hard_left"
"The Beatles/07_-_Revolver/14_-_Tomorrow_Never_Knows/centre"
"The Beatles/07_-_Revolver/14_-_Tomorrow_Never_Knows/hard_right"
"The Beatles/07_-_Revolver/14_-_Tomorrow_Never_Knows/sides"
"The Beatles/08_-_Sgt._Pepper's_Lonely_Hearts_Club_Band/01_-_Sgt._Pepper's_Lonely_Hearts_Club_Band/mono"
"The Beatles/08_-_Sgt._Pepper's_Lonely_Hearts_Club_Band/01_-_Sgt._Pepper's_Lonely_Hearts_Club_Band/left"
"The Beatles/08_-_Sgt._Pepper's_Lonely_Hearts_Club_Band/01_-_Sgt._Pepper's_Lonely_Hearts_Club_Band/right"
"The Beatles/08_-_Sgt._Pepper's_Lonely_Hearts_Club_Band/01_-_Sgt._Pepper's_Lonely_Hearts_Club_Band/hard_left"
"The Beatles/08_-_Sgt._Pepper's_Lonely_Hearts_Club_Band/01_-_Sgt._Pepper's_Lonely_Hearts_Club_Band/centre"
"The Beatles/08_-_Sgt._Pepper's_Lonely_Hearts_Club_Band/01_-_Sgt._Pepper's_Lonely_Hearts_Club_Band/hard_right"
"The Beatles/08_-_Sgt._Pepper's_Lonely_Hearts_Club_Band/01_-_Sgt._Pepper's_Lonely_Hearts_Club_Band/sides"
"The Beatles/08_-_Sgt._Pepper's_Lonely_Hearts_Club_Band/02_-_With_A_Little_Help_From_My_Friends/mono"
"The Beatles/08_-_Sgt._Pepper's_Lonely_Hearts_Club_Band/02_-_With_A_Little_Help_From_My_Friends/left"
"The Beatles/08_-_Sgt._Pepper's_Lonely_Hearts_Club_Band/02_-_With_A_Little_Help_From_My_Friends/right"
"The Beatles/08_-_Sgt._Pepper's_Lonely_Hearts_Club_Band/02_-_With_A_Little_Help_From_My_Friends/hard_left"
"The Beatles/08_-_Sgt._Pepper's_Lonely_Hearts_Club_Band/02_-_With_A_Little_Help_From_My_Friends/centre"
"The Beatles/08_-_Sgt._Pepper's_Lonely_Hearts_Club_Band/02_-_With_A_Little_Help_From_My_Friends/hard_right"
"The Beatles/08_-_Sgt._Pepper's_Lonely_Hearts_Club_Band/02_-_With_A_Little_Help_From_My_Friends/sides"
"The Beatles/08_-_Sgt._Pepper's_Lonely_Hearts_Club_Band/03_-_Lucy_In_The_Sky_With_Diamonds/mono"
"The Beatles/08_-_Sgt._Pepper's_Lonely_Hearts_Club_Band/03_-_Lucy_In_The_Sky_With_Diamonds/left"
"The Beatles/08_-_Sgt._Pepper's_Lonely_Hearts_Club_Band/03_-_Lucy_In_The_Sky_With_Diamonds/right"
"The Beatles/08_-_Sgt._Pepper's_Lonely_Hearts_Club_Band/03_-_Lucy_In_The_Sky_With_Diamonds/hard_left"
"The Beatles/08_-_Sgt._Pepper's_Lonely_Hearts_Club_Band/03_-_Lucy_In_The_Sky_With_Diamonds/centre"
"The Beatles/08_-_Sgt._Pepper's_Lonely_Hearts_Club_Band/03_-_Lucy_In_The_Sky_With_Diamonds/hard_right"
"The Beatles/08_-_Sgt._Pepper's_Lonely_Hearts_Club_Band/03_-_Lucy_In_The_Sky_With_Diamonds/sides"
"The Beatles/08_-_Sgt._Pepper's_Lonely_Hearts_Club_Band/04_-_Getting_Better/mono"
"The Beatles/08_-_Sgt._Pepper's_Lonely_Hearts_Club_Band/04_-_Getting_Better/left"
"The Beatles/08_-_Sgt._Pepper's_Lonely_Hearts_Club_Band/04_-_Getting_Better/right"
"The Beatles/08_-_Sgt._Pepper's_Lonely_Hearts_Club_Band/04_-_Getting_Better/hard_left"
"The Beatles/08_-_Sgt._Pepper's_Lonely_Hearts_Club_Band/04_-_Getting_Better/centre"
"The Beatles/08_-_Sgt._Pepper's_Lonely_Hearts_Club_Band/04_-_Getting_Better/hard_right"
"The Beatles/08_-_Sgt._Pepper's_Lonely_Hearts_Club_Band/04_-_Getting_Better/sides"
"The Beatles/08_-_Sgt._Pepper's_Lonely_Hearts_Club_Band/05_-_Fixing_A_Hole/mono"
"The Beatles/08_-_Sgt._Pepper's_Lonely_Hearts_Club_Band/05_-_Fixing_A_Hole/left"
"The Beatles/08_-_Sgt._Pepper's_Lonely_Hearts_Club_Band/05_-_Fixing_A_Hole/right"
"The Beatles/08_-_Sgt._Pepper's_Lonely_Hearts_Club_Band/05_-_Fixing_A_Hole/hard_left"
"The Beatles/08_-_Sgt._Pepper's_Lonely_Hearts_Club_Band/05_-_Fixing_A_Hole/centre"
"The Beatles/08_-_Sgt._Pepper's_Lonely_Hearts_Club_Band/05_-_Fixing_A_Hole/hard_right"
"The Beatles/08_-_Sgt._Pepper's_Lonely_Hearts_Club_Band/05_-_Fixing_A_Hole/sides"
"The Beatles/08_-_Sgt._Pepper's_Lonely_Hearts_Club_Band/06_-_She's_Leaving_Home/mono"
"The Beatles/08_-_Sgt._Pepper's_Lonely_Hearts_Club_Band/06_-_She's_Leaving_Home/left"
"The Beatles/08_-_Sgt._Pepper's_Lonely_Hearts_Club_Band/06_-_She's_Leaving_Home/right"
"The Beatles/08_-_Sgt._Pepper's_Lonely_Hearts_Club_Band/06_-_She's_Leaving_Home/hard_left"
"The Beatles/08_-_Sgt._Pepper's_Lonely_Hearts_Club_Band/06_-_She's_Leaving_Home/centre"
"The Beatles/08_-_Sgt._Pepper's_Lonely_Hearts_Club_Band/06_-_She's_Leaving_Home/hard_right"
"The Beatles/08_-_Sgt._Pepper's_Lonely_Hearts_Club_Band/06_-_She's_Leaving_Home/sides"
"The Beatles/08_-_Sgt._Pepper's_Lonely_Hearts_Club_Band/07_-_Being_For_The_Benefit_Of_Mr._Kite!/mono"
"The Beatles/08_-_Sgt._Pepper's_Lonely_Hearts_Club_Band/07_-_Being_For_The_Benefit_Of_Mr._Kite!/left"
"The Beatles/08_-_Sgt._Pepper's_Lonely_Hearts_Club_Band/07_-_Being_For_The_Benefit_Of_Mr._Kite!/right"
"The Beatles/08_-_Sgt._Pepper's_Lonely_Hearts_Club_Band/07_-_Being_For_The_Benefit_Of_Mr._Kite!/hard_left"
"The Beatles/08_-_Sgt._Pepper's_Lonely_Hearts_Club_Band/07_-_Being_For_The_Benefit_Of_Mr._Kite!/centre"
"The Beatles/08_-_Sgt._Pepper's_Lonely_Hearts_Club_Band/07_-_Being_For_The_Benefit_Of_Mr._Kite!/hard_right"
"The Beatles/08_-_Sgt._Pepper's_Lonely_Hearts_Club_Band/07_-_Being_For_The_Benefit_Of_Mr._Kite!/sides"
"The Beatles/08_-_Sgt._Pepper's_Lonely_Hearts_Club_Band/08_-_Within_You_Without_You/mono"
"The Beatles/08_-_Sgt._Pepper's_Lonely_Hearts_Club_Band/08_-_Within_You_Without_You/left"
"The Beatles/08_-_Sgt._Pepper's_Lonely_Hearts_Club_Band/08_-_Within_You_Without_You/right"
"The Beatles/08_-_Sgt._Pepper's_Lonely_Hearts_Club_Band/08_-_Within_You_Without_You/hard_left"
"The Beatles/08_-_Sgt._Pepper's_Lonely_Hearts_Club_Band/08_-_Within_You_Without_You/centre"
"The Beatles/08_-_Sgt._Pepper's_Lonely_Hearts_Club_Band/08_-_Within_You_Without_You/hard_right"
"The Beatles/08_-_Sgt._Pepper's_Lonely_Hearts_Club_Band/08_-_Within_You_Without_You/sides"
"The Beatles/08_-_Sgt._Pepper's_Lonely_Hearts_Club_Band/09_-_When_I'm_Sixty-Four/mono"
"The Beatles/08_-_Sgt._Pepper's_Lonely_Hearts_Club_Band/09_-_When_I'm_Sixty-Four/left"
"The Beatles/08_-_Sgt._Pepper's_Lonely_Hearts_Club_Band/09_-_When_I'm_Sixty-Four/right"
"The Beatles/08_-_Sgt._Pepper's_Lonely_Hearts_Club_Band/09_-_When_I'm_Sixty-Four/hard_left"
"The Beatles/08_-_Sgt._Pepper's_Lonely_Hearts_Club_Band/09_-_When_I'm_Sixty-Four/centre"
"The Beatles/08_-_Sgt._Pepper's_Lonely_Hearts_Club_Band/09_-_When_I'm_Sixty-Four/hard_right"
"The Beatles/08_-_Sgt._Pepper's_Lonely_Hearts_Club_Band/09_-_When_I'm_Sixty-Four/sides"
"The Beatles/08_-_Sgt._Pepper's_Lonely_Hearts_Club_Band/10_-_Lovely_Rita/mono"
"The Beatles/08_-_Sgt._Pepper's_Lonely_Hearts_Club_Band/10_-_Lovely_Rita/left"
"The Beatles/08_-_Sgt._Pepper's_Lonely_Hearts_Club_Band/10_-_Lovely_Rita/right"
"The Beatles/08_-_Sgt._Pepper's_Lonely_Hearts_Club_Band/10_-_Lovely_Rita/hard_left"
"The Beatles/08_-_Sgt._Pepper's_Lonely_Hearts_Club_Band/10_-_Lovely_Rita/centre"
"The Beatles/08_-_Sgt._Pepper's_Lonely_Hearts_Club_Band/10_-_Lovely_Rita/hard_right"
"The Beatles/08_-_Sgt._Pepper's_Lonely_Hearts_Club_Band/10_-_Lovely_Rita/sides"
"The Beatles/08_-_Sgt._Pepper's_Lonely_Hearts_Club_Band/11_-_Good_Morning_Good_Morning/mono"
"The Beatles/08_-_Sgt._Pepper's_Lonely_Hearts_Club_Band/11_-_Good_Morning_Good_Morning/left"
"The Beatles/08_-_Sgt._Pepper's_Lonely_Hearts_Club_Band/11_-_Good_Morning_Good_Morning/right"
"The Beatles/08_-_Sgt._Pepper's_Lonely_Hearts_Club_Band/11_-_Good_Morning_Good_Morning/hard_left"
"The Beatles/08_-_Sgt._Pepper's_Lonely_Hearts_Club_Band/11_-_Good_Morning_Good_Morning/centre"
"The Beatles/08_-_Sgt._Pepper's_Lonely_Hearts_Club_Band/11_-_Good_Morning_Good_Morning/hard_right"
"The Beatles/08_-_Sgt._Pepper's_Lonely_Hearts_Club_Band/11_-_Good_Morning_Good_Morning/sides"
"The Beatles/08_-_Sgt._Pepper's_Lonely_Hearts_Club_Band/12_-_Sgt._Pepper's_Lonely_Hearts_Club_Band_(Reprise)/mono"
"The Beatles/08_-_Sgt._Pepper's_Lonely_Hearts_Club_Band/12_-_Sgt._Pepper's_Lonely_Hearts_Club_Band_(Reprise)/left"
"The Beatles/08_-_Sgt._Pepper's_Lonely_Hearts_Club_Band/12_-_Sgt._Pepper's_Lonely_Hearts_Club_Band_(Reprise)/right"
"The Beatles/08_-_Sgt._Pepper's_Lonely_Hearts_Club_Band/12_-_Sgt._Pepper's_Lonely_Hearts_Club_Band_(Reprise)/hard_left"
"The Beatles/08_-_Sgt._Pepper's_Lonely_Hearts_Club_Band/12_-_Sgt._Pepper's_Lonely_Hearts_Club_Band_(Reprise)/centre"
"The Beatles/08_-_Sgt._Pepper's_Lonely_Hearts_Club_Band/12_-_Sgt._Pepper's_Lonely_Hearts_Club_Band_(Reprise)/hard_right"
"The Beatles/08_-_Sgt._Pepper's_Lonely_Hearts_Club_Band/12_-_Sgt._Pepper's_Lonely_Hearts_Club_Band_(Reprise)/sides"
"The Beatles/08_-_Sgt._Pepper's_Lonely_Hearts_Club_Band/13_-_A_Day_In_The_Life/mono"
"The Beatles/08_-_Sgt._Pepper's_Lonely_Hearts_Club_Band/13_-_A_Day_In_The_Life/left"
"The Beatles/08_-_Sgt._Pepper's_Lonely_Hearts_Club_Band/13_-_A_Day_In_The_Life/right"
"The Beatles/08_-_Sgt._Pepper's_Lonely_Hearts_Club_Band/13_-_A_Day_In_The_Life/hard_left"
"The Beatles/08_-_Sgt._Pepper's_Lonely_Hearts_Club_Band/13_-_A_Day_In_The_Life/centre"
"The Beatles/08_-_Sgt._Pepper's_Lonely_Hearts_Club_Band/13_-_A_Day_In_The_Life/hard_right"
"The Beatles/08_-_Sgt._Pepper's_Lonely_Hearts_Club_Band/13_-_A_Day_In_The_Life/sides"
"The Beatles/09_-_Magical_Mystery_Tour/01_-_Magical_Mystery_Tour/mono"
"The Beatles/09_-_Magical_Mystery_Tour/01_-_Magical_Mystery_Tour/left"
"The Beatles/09_-_Magical_Mystery_Tour/01_-_Magical_Mystery_Tour/right"
"The Beatles/09_-_Magical_Mystery_Tour/01_-_Magical_Mystery_Tour/hard_left"
"The Beatles/09_-_Magical_Mystery_Tour/01_-_Magical_Mystery_Tour/centre"
"The Beatles/09_-_Magical_Mystery_Tour/01_-_Magical_Mystery_Tour/hard_right"
"The Beatles/09_-_Magical_Mystery_Tour/01_-_Magical_Mystery_Tour/sides"
"The Beatles/09_-_Magical_Mystery_Tour/02_-_The_Fool_On_The_Hill/mono"
"The Beatles/09_-_Magical_Mystery_Tour/02_-_The_Fool_On_The_Hill/left"
"The Beatles/09_-_Magical_Mystery_Tour/02_-_The_Fool_On_The_Hill/right"
"The Beatles/09_-_Magical_Mystery_Tour/02_-_The_Fool_On_The_Hill/hard_left"
"The Beatles/09_-_Magical_Mystery_Tour/02_-_The_Fool_On_The_Hill/centre"
"The Beatles/09_-_Magical_Mystery_Tour/02_-_The_Fool_On_The_Hill/hard_right"
"The Beatles/09_-_Magical_Mystery_Tour/02_-_The_Fool_On_The_Hill/sides"
"The Beatles/09_-_Magical_Mystery_Tour/03_-_Flying/mono"
"The Beatles/09_-_Magical_Mystery_Tour/03_-_Flying/left"
"The Beatles/09_-_Magical_Mystery_Tour/03_-_Flying/right"
"The Beatles/09_-_Magical_Mystery_Tour/03_-_Flying/hard_left"
"The Beatles/09_-_Magical_Mystery_Tour/03_-_Flying/centre"
"The Beatles/09_-_Magical_Mystery_Tour/03_-_Flying/hard_right"
"The Beatles/09_-_Magical_Mystery_Tour/03_-_Flying/sides"
"The Beatles/09_-_Magical_Mystery_Tour/04_-_Blue_Jay_Way/mono"
"The Beatles/09_-_Magical_Mystery_Tour/04_-_Blue_Jay_Way/left"
"The Beatles/09_-_Magical_Mystery_Tour/04_-_Blue_Jay_Way/right"
"The Beatles/09_-_Magical_Mystery_Tour/04_-_Blue_Jay_Way/hard_left"
"The Beatles/09_-_Magical_Mystery_Tour/04_-_Blue_Jay_Way/centre"
"The Beatles/09_-_Magical_Mystery_Tour/04_-_Blue_Jay_Way/hard_right"
"The Beatles/09_-_Magical_Mystery_Tour/04_-_Blue_Jay_Way/sides"
"The Beatles/09_-_Magical_Mystery_Tour/05_-_Your_Mother_Should_Know/mono"
"The Beatles/09_-_Magical_Mystery_Tour/05_-_Your_Mother_Should_Know/left"
"The Beatles/09_-_Magical_Mystery_Tour/05_-_Your_Mother_Should_Know/right"
"The Beatles/09_-_Magical_Mystery_Tour/05_-_Your_Mother_Should_Know/hard_left"
"The Beatles/09_-_Magical_Mystery_Tour/05_-_Your_Mother_Should_Know/centre"
"The Beatles/09_-_Magical_Mystery_Tour/05_-_Your_Mother_Should_Know/hard_right"
"The Beatles/09_-_Magical_Mystery_Tour/05_-_Your_Mother_Should_Know/sides"
"The Beatles/09_-_Magical_Mystery_Tour/06_-_I_Am_The_Walrus/mono"
"The Beatles/09_-_Magical_Mystery_Tour/06_-_I_Am_The_Walrus/left"
"The Beatles/09_-_Magical_Mystery_Tour/06_-_I_Am_The_Walrus/right"
"The Beatles/09_-_Magical_Mystery_Tour/06_-_I_Am_The_Walrus/hard_left"
"The Beatles/09_-_Magical_Mystery_Tour/06_-_I_Am_The_Walrus/centre"
"The Beatles/09_-_Magical_Mystery_Tour/06_-_I_Am_The_Walrus/hard_right"
"The Beatles/09_-_Magical_Mystery_Tour/06_-_I_Am_The_Walrus/sides"
"The Beatles/09_-_Magical_Mystery_Tour/07_-_Hello_Goodbye/mono"
"The Beatles/09_-_Magical_Mystery_Tour/07_-_Hello_Goodbye/left"
"The Beatles/09_-_Magical_Mystery_Tour/07_-_Hello_Goodbye/right"
"The Beatles/09_-_Magical_Mystery_Tour/07_-_Hello_Goodbye/hard_left"
"The Beatles/09_-_Magical_Mystery_Tour/07_-_Hello_Goodbye/centre"
"The Beatles/09_-_Magical_Mystery_Tour/07_-_Hello_Goodbye/hard_right"
"The Beatles/09_-_Magical_Mystery_Tour/07_-_Hello_Goodbye/sides"
"The Beatles/09_-_Magical_Mystery_Tour/08_-_Strawberry_Fields_Forever/mono"
"The Beatles/09_-_Magical_Mystery_Tour/08_-_Strawberry_Fields_Forever/left"
"The Beatles/09_-_Magical_Mystery_Tour/08_-_Strawberry_Fields_Forever/right"
"The Beatles/09_-_Magical_Mystery_Tour/08_-_Strawberry_Fields_Forever/hard_left"
"The Beatles/09_-_Magical_Mystery_Tour/08_-_Strawberry_Fields_Forever/centre"
"The Beatles/09_-_Magical_Mystery_Tour/08_-_Strawberry_Fields_Forever/hard_right"
"The Beatles/09_-_Magical_Mystery_Tour/08_-_Strawberry_Fields_Forever/sides"
"The Beatles/09_-_Magical_Mystery_Tour/09_-_Penny_Lane/mono"
"The Beatles/09_-_Magical_Mystery_Tour/09_-_Penny_Lane/left"
"The Beatles/09_-_Magical_Mystery_Tour/09_-_Penny_Lane/right"
"The Beatles/09_-_Magical_Mystery_Tour/09_-_Penny_Lane/hard_left"
"The Beatles/09_-_Magical_Mystery_Tour/09_-_Penny_Lane/centre"
"The Beatles/09_-_Magical_Mystery_Tour/09_-_Penny_Lane/hard_right"
"The Beatles/09_-_Magical_Mystery_Tour/09_-_Penny_Lane/sides"
"The Beatles/09_-_Magical_Mystery_Tour/10_-_Baby_You're_A_Rich_Man/mono"
"The Beatles/09_-_Magical_Mystery_Tour/10_-_Baby_You're_A_Rich_Man/left"
"The Beatles/09_-_Magical_Mystery_Tour/10_-_Baby_You're_A_Rich_Man/right"
"The Beatles/09_-_Magical_Mystery_Tour/10_-_Baby_You're_A_Rich_Man/hard_left"
"The Beatles/09_-_Magical_Mystery_Tour/10_-_Baby_You're_A_Rich_Man/centre"
"The Beatles/09_-_Magical_Mystery_Tour/10_-_Baby_You're_A_Rich_Man/hard_right"
"The Beatles/09_-_Magical_Mystery_Tour/10_-_Baby_You're_A_Rich_Man/sides"
"The Beatles/09_-_Magical_Mystery_Tour/11_-_All_You_Need_Is_Love/mono"
"The Beatles/09_-_Magical_Mystery_Tour/11_-_All_You_Need_Is_Love/left"
"The Beatles/09_-_Magical_Mystery_Tour/11_-_All_You_Need_Is_Love/right"
"The Beatles/09_-_Magical_Mystery_Tour/11_-_All_You_Need_Is_Love/hard_left"
"The Beatles/09_-_Magical_Mystery_Tour/11_-_All_You_Need_Is_Love/centre"
"The Beatles/09_-_Magical_Mystery_Tour/11_-_All_You_Need_Is_Love/hard_right"
"The Beatles/09_-_Magical_Mystery_Tour/11_-_All_You_Need_Is_Love/sides"
"The Beatles/10CD1_-_The_Beatles/CD1_-_01_-_Back_in_the_USSR/mono"
"The Beatles/10CD1_-_The_Beatles/CD1_-_01_-_Back_in_the_USSR/left"
"The Beatles/10CD1_-_The_Beatles/CD1_-_01_-_Back_in_the_USSR/right"
"The Beatles/10CD1_-_The_Beatles/CD1_-_01_-_Back_in_the_USSR/hard_left"
"The Beatles/10CD1_-_The_Beatles/CD1_-_01_-_Back_in_the_USSR/centre"
"The Beatles/10CD1_-_The_Beatles/CD1_-_01_-_Back_in_the_USSR/hard_right"
"The Beatles/10CD1_-_The_Beatles/CD1_-_01_-_Back_in_the_USSR/sides"
"The Beatles/10CD1_-_The_Beatles/CD1_-_02_-_Dear_Prudence/mono"
"The Beatles/10CD1_-_The_Beatles/CD1_-_02_-_Dear_Prudence/left"
"The Beatles/10CD1_-_The_Beatles/CD1_-_02_-_Dear_Prudence/right"
"The Beatles/10CD1_-_The_Beatles/CD1_-_02_-_Dear_Prudence/hard_left"
"The Beatles/10CD1_-_The_Beatles/CD1_-_02_-_Dear_Prudence/centre"
"The Beatles/10CD1_-_The_Beatles/CD1_-_02_-_Dear_Prudence/hard_right"
"The Beatles/10CD1_-_The_Beatles/CD1_-_02_-_Dear_Prudence/sides"
"The Beatles/10CD1_-_The_Beatles/CD1_-_03_-_Glass_Onion/mono"
"The Beatles/10CD1_-_The_Beatles/CD1_-_03_-_Glass_Onion/left"
"The Beatles/10CD1_-_The_Beatles/CD1_-_03_-_Glass_Onion/right"
"The Beatles/10CD1_-_The_Beatles/CD1_-_03_-_Glass_Onion/hard_left"
"The Beatles/10CD1_-_The_Beatles/CD1_-_03_-_Glass_Onion/centre"
"The Beatles/10CD1_-_The_Beatles/CD1_-_03_-_Glass_Onion/hard_right"
"The Beatles/10CD1_-_The_Beatles/CD1_-_03_-_Glass_Onion/sides"
"The Beatles/10CD1_-_The_Beatles/CD1_-_04_-_Ob-La-Di,_Ob-La-Da/mono"
"The Beatles/10CD1_-_The_Beatles/CD1_-_04_-_Ob-La-Di,_Ob-La-Da/left"
"The Beatles/10CD1_-_The_Beatles/CD1_-_04_-_Ob-La-Di,_Ob-La-Da/right"
"The Beatles/10CD1_-_The_Beatles/CD1_-_04_-_Ob-La-Di,_Ob-La-Da/hard_left"
"The Beatles/10CD1_-_The_Beatles/CD1_-_04_-_Ob-La-Di,_Ob-La-Da/centre"
"The Beatles/10CD1_-_The_Beatles/CD1_-_04_-_Ob-La-Di,_Ob-La-Da/hard_right"
"The Beatles/10CD1_-_The_Beatles/CD1_-_04_-_Ob-La-Di,_Ob-La-Da/sides"
"The Beatles/10CD1_-_The_Beatles/CD1_-_05_-_Wild_Honey_Pie/mono"
"The Beatles/10CD1_-_The_Beatles/CD1_-_05_-_Wild_Honey_Pie/left"
"The Beatles/10CD1_-_The_Beatles/CD1_-_05_-_Wild_Honey_Pie/right"
"The Beatles/10CD1_-_The_Beatles/CD1_-_05_-_Wild_Honey_Pie/hard_left"
"The Beatles/10CD1_-_The_Beatles/CD1_-_05_-_Wild_Honey_Pie/centre"
"The Beatles/10CD1_-_The_Beatles/CD1_-_05_-_Wild_Honey_Pie/hard_right"
"The Beatles/10CD1_-_The_Beatles/CD1_-_05_-_Wild_Honey_Pie/sides"
"The Beatles/10CD1_-_The_Beatles/CD1_-_06_-_The_Continuing_Story_of_Bungalow_Bill/mono"
"The Beatles/10CD1_-_The_Beatles/CD1_-_06_-_The_Continuing_Story_of_Bungalow_Bill/left"
"The Beatles/10CD1_-_The_Beatles/CD1_-_06_-_The_Continuing_Story_of_Bungalow_Bill/right"
"The Beatles/10CD1_-_The_Beatles/CD1_-_06_-_The_Continuing_Story_of_Bungalow_Bill/hard_left"
"The Beatles/10CD1_-_The_Beatles/CD1_-_06_-_The_Continuing_Story_of_Bungalow_Bill/centre"
"The Beatles/10CD1_-_The_Beatles/CD1_-_06_-_The_Continuing_Story_of_Bungalow_Bill/hard_right"
"The Beatles/10CD1_-_The_Beatles/CD1_-_06_-_The_Continuing_Story_of_Bungalow_Bill/sides"
"The Beatles/10CD1_-_The_Beatles/CD1_-_07_-_While_My_Guitar_Gently_Weeps/mono"
"The Beatles/10CD1_-_The_Beatles/CD1_-_07_-_While_My_Guitar_Gently_Weeps/left"
"The Beatles/10CD1_-_The_Beatles/CD1_-_07_-_While_My_Guitar_Gently_Weeps/right"
"The Beatles/10CD1_-_The_Beatles/CD1_-_07_-_While_My_Guitar_Gently_Weeps/hard_left"
"The Beatles/10CD1_-_The_Beatles/CD1_-_07_-_While_My_Guitar_Gently_Weeps/centre"
"The Beatles/10CD1_-_The_Beatles/CD1_-_07_-_While_My_Guitar_Gently_Weeps/hard_right"
"The Beatles/10CD1_-_The_Beatles/CD1_-_07_-_While_My_Guitar_Gently_Weeps/sides"
"The Beatles/10CD1_-_The_Beatles/CD1_-_08_-_Happiness_is_a_Warm_Gun/mono"
"The Beatles/10CD1_-_The_Beatles/CD1_-_08_-_Happiness_is_a_Warm_Gun/left"
"The Beatles/10CD1_-_The_Beatles/CD1_-_08_-_Happiness_is_a_Warm_Gun/right"
"The Beatles/10CD1_-_The_Beatles/CD1_-_08_-_Happiness_is_a_Warm_Gun/hard_left"
"The Beatles/10CD1_-_The_Beatles/CD1_-_08_-_Happiness_is_a_Warm_Gun/centre"
"The Beatles/10CD1_-_The_Beatles/CD1_-_08_-_Happiness_is_a_Warm_Gun/hard_right"
"The Beatles/10CD1_-_The_Beatles/CD1_-_08_-_Happiness_is_a_Warm_Gun/sides"
"The Beatles/10CD1_-_The_Beatles/CD1_-_09_-_Martha_My_Dear/mono"
"The Beatles/10CD1_-_The_Beatles/CD1_-_09_-_Martha_My_Dear/left"
"The Beatles/10CD1_-_The_Beatles/CD1_-_09_-_Martha_My_Dear/right"
"The Beatles/10CD1_-_The_Beatles/CD1_-_09_-_Martha_My_Dear/hard_left"
"The Beatles/10CD1_-_The_Beatles/CD1_-_09_-_Martha_My_Dear/centre"
"The Beatles/10CD1_-_The_Beatles/CD1_-_09_-_Martha_My_Dear/hard_right"
"The Beatles/10CD1_-_The_Beatles/CD1_-_09_-_Martha_My_Dear/sides"
"The Beatles/10CD1_-_The_Beatles/CD1_-_10_-_I'm_So_Tired/mono"
"The Beatles/10CD1_-_The_Beatles/CD1_-_10_-_I'm_So_Tired/left"
"The Beatles/10CD1_-_The_Beatles/CD1_-_10_-_I'm_So_Tired/right"
"The Beatles/10CD1_-_The_Beatles/CD1_-_10_-_I'm_So_Tired/hard_left"
"The Beatles/10CD1_-_The_Beatles/CD1_-_10_-_I'm_So_Tired/centre"
"The Beatles/10CD1_-_The_Beatles/CD1_-_10_-_I'm_So_Tired/hard_right"
"The Beatles/10CD1_-_The_Beatles/CD1_-_10_-_I'm_So_Tired/sides"
"The Beatles/10CD1_-_The_Beatles/CD1_-_11_-_Black_Bird/mono"
"The Beatles/10CD1_-_The_Beatles/CD1_-_11_-_Black_Bird/left"
"The Beatles/10CD1_-_The_Beatles/CD1_-_11_-_Black_Bird/right"
"The Beatles/10CD1_-_The_Beatles/CD1_-_11_-_Black_Bird/hard_left"
"The Beatles/10CD1_-_The_Beatles/CD1_-_11_-_Black_Bird/centre"
"The Beatles/10CD1_-_The_Beatles/CD1_-_11_-_Black_Bird/hard_right"
"The Beatles/10CD1_-_The_Beatles/CD1_-_11_-_Black_Bird/sides"
"The Beatles/10CD1_-_The_Beatles/CD1_-_12_-_Piggies/mono"
"The Beatles/10CD1_-_The_Beatles/CD1_-_12_-_Piggies/left"
"The Beatles/10CD1_-_The_Beatles/CD1_-_12_-_Piggies/right"
"The Beatles/10CD1_-_The_Beatles/CD1_-_12_-_Piggies/hard_left"
"The Beatles/10CD1_-_The_Beatles/CD1_-_12_-_Piggies/centre"
"The Beatles/10CD1_-_The_Beatles/CD1_-_12_-_Piggies/hard_right"
"The Beatles/10CD1_-_The_Beatles/CD1_-_12_-_Piggies/sides"
"The Beatles/10CD1_-_The_Beatles/CD1_-_13_-_Rocky_Raccoon/mono"
"The Beatles/10CD1_-_The_Beatles/CD1_-_13_-_Rocky_Raccoon/left"
"The Beatles/10CD1_-_The_Beatles/CD1_-_13_-_Rocky_Raccoon/right"
"The Beatles/10CD1_-_The_Beatles/CD1_-_13_-_Rocky_Raccoon/hard_left"
"The Beatles/10CD1_-_The_Beatles/CD1_-_13_-_Rocky_Raccoon/centre"
"The Beatles/10CD1_-_The_Beatles/CD1_-_13_-_Rocky_Raccoon/hard_right"
"The Beatles/10CD1_-_The_Beatles/CD1_-_13_-_Rocky_Raccoon/sides"
"The Beatles/10CD1_-_The_Beatles/CD1_-_14_-_Don't_Pass_Me_By/mono"
"The Beatles/10CD1_-_The_Beatles/CD1_-_14_-_Don't_Pass_Me_By/left"
"The Beatles/10CD1_-_The_Beatles/CD1_-_14_-_Don't_Pass_Me_By/right"
"The Beatles/10CD1_-_The_Beatles/CD1_-_14_-_Don't_Pass_Me_By/hard_left"
"The Beatles/10CD1_-_The_Beatles/CD1_-_14_-_Don't_Pass_Me_By/centre"
"The Beatles/10CD1_-_The_Beatles/CD1_-_14_-_Don't_Pass_Me_By/hard_right"
"The Beatles/10CD1_-_The_Beatles/CD1_-_14_-_Don't_Pass_Me_By/sides"
"The Beatles/10CD1_-_The_Beatles/CD1_-_15_-_Why_Don't_We_Do_It_In_The_Road/mono"
"The Beatles/10CD1_-_The_Beatles/CD1_-_15_-_Why_Don't_We_Do_It_In_The_Road/left"
"The Beatles/10CD1_-_The_Beatles/CD1_-_15_-_Why_Don't_We_Do_It_In_The_Road/right"
"The Beatles/10CD1_-_The_Beatles/CD1_-_15_-_Why_Don't_We_Do_It_In_The_Road/hard_left"
"The Beatles/10CD1_-_The_Beatles/CD1_-_15_-_Why_Don't_We_Do_It_In_The_Road/centre"
"The Beatles/10CD1_-_The_Beatles/CD1_-_15_-_Why_Don't_We_Do_It_In_The_Road/hard_right"
"The Beatles/10CD1_-_The_Beatles/CD1_-_15_-_Why_Don't_We_Do_It_In_The_Road/sides"
"The Beatles/10CD1_-_The_Beatles/CD1_-_16_-_I_Will/mono"
"The Beatles/10CD1_-_The_Beatles/CD1_-_16_-_I_Will/left"
"The Beatles/10CD1_-_The_Beatles/CD1_-_16_-_I_Will/right"
"The Beatles/10CD1_-_The_Beatles/CD1_-_16_-_I_Will/hard_left"
"The Beatles/10CD1_-_The_Beatles/CD1_-_16_-_I_Will/centre"
"The Beatles/10CD1_-_The_Beatles/CD1_-_16_-_I_Will/hard_right"
"The Beatles/10CD1_-_The_Beatles/CD1_-_16_-_I_Will/sides"
"The Beatles/10CD1_-_The_Beatles/CD1_-_17_-_Julia/mono"
"The Beatles/10CD1_-_The_Beatles/CD1_-_17_-_Julia/left"
"The Beatles/10CD1_-_The_Beatles/CD1_-_17_-_Julia/right"
"The Beatles/10CD1_-_The_Beatles/CD1_-_17_-_Julia/hard_left"
"The Beatles/10CD1_-_The_Beatles/CD1_-_17_-_Julia/centre"
"The Beatles/10CD1_-_The_Beatles/CD1_-_17_-_Julia/hard_right"
"The Beatles/10CD1_-_The_Beatles/CD1_-_17_-_Julia/sides"
"The Beatles/10CD2_-_The_Beatles/CD2_-_01_-_Birthday/mono"
"The Beatles/10CD2_-_The_Beatles/CD2_-_01_-_Birthday/left"
"The Beatles/10CD2_-_The_Beatles/CD2_-_01_-_Birthday/right"
"The Beatles/10CD2_-_The_Beatles/CD2_-_01_-_Birthday/hard_left"
"The Beatles/10CD2_-_The_Beatles/CD2_-_01_-_Birthday/centre"
"The Beatles/10CD2_-_The_Beatles/CD2_-_01_-_Birthday/hard_right"
"The Beatles/10CD2_-_The_Beatles/CD2_-_01_-_Birthday/sides"
"The Beatles/10CD2_-_The_Beatles/CD2_-_02_-_Yer_Blues/mono"
"The Beatles/10CD2_-_The_Beatles/CD2_-_02_-_Yer_Blues/left"
"The Beatles/10CD2_-_The_Beatles/CD2_-_02_-_Yer_Blues/right"
"The Beatles/10CD2_-_The_Beatles/CD2_-_02_-_Yer_Blues/hard_left"
"The Beatles/10CD2_-_The_Beatles/CD2_-_02_-_Yer_Blues/centre"
"The Beatles/10CD2_-_The_Beatles/CD2_-_02_-_Yer_Blues/hard_right"
"The Beatles/10CD2_-_The_Beatles/CD2_-_02_-_Yer_Blues/sides"
"The Beatles/10CD2_-_The_Beatles/CD2_-_03_-_Mother_Nature's_Son/mono"
"The Beatles/10CD2_-_The_Beatles/CD2_-_03_-_Mother_Nature's_Son/left"
"The Beatles/10CD2_-_The_Beatles/CD2_-_03_-_Mother_Nature's_Son/right"
"The Beatles/10CD2_-_The_Beatles/CD2_-_03_-_Mother_Nature's_Son/hard_left"
"The Beatles/10CD2_-_The_Beatles/CD2_-_03_-_Mother_Nature's_Son/centre"
"The Beatles/10CD2_-_The_Beatles/CD2_-_03_-_Mother_Nature's_Son/hard_right"
"The Beatles/10CD2_-_The_Beatles/CD2_-_03_-_Mother_Nature's_Son/sides"
"The Beatles/10CD2_-_The_Beatles/CD2_-_04_-_Everybody's_Got_Something_To_Hide_Except_Me_and_My_Monkey/mono"
"The Beatles/10CD2_-_The_Beatles/CD2_-_04_-_Everybody's_Got_Something_To_Hide_Except_Me_and_My_Monkey/left"
"The Beatles/10CD2_-_The_Beatles/CD2_-_04_-_Everybody's_Got_Something_To_Hide_Except_Me_and_My_Monkey/right"
"The Beatles/10CD2_-_The_Beatles/CD2_-_04_-_Everybody's_Got_Something_To_Hide_Except_Me_and_My_Monkey/hard_left"
"The Beatles/10CD2_-_The_Beatles/CD2_-_04_-_Everybody's_Got_Something_To_Hide_Except_Me_and_My_Monkey/centre"
"The Beatles/10CD2_-_The_Beatles/CD2_-_04_-_Everybody's_Got_Something_To_Hide_Except_Me_and_My_Monkey/hard_right"
"The Beatles/10CD2_-_The_Beatles/CD2_-_04_-_Everybody's_Got_Something_To_Hide_Except_Me_and_My_Monkey/sides"
"The Beatles/10CD2_-_The_Beatles/CD2_-_05_-_Sexy_Sadie/mono"
"The Beatles/10CD2_-_The_Beatles/CD2_-_05_-_Sexy_Sadie/left"
"The Beatles/10CD2_-_The_Beatles/CD2_-_05_-_Sexy_Sadie/right"
"The Beatles/10CD2_-_The_Beatles/CD2_-_05_-_Sexy_Sadie/hard_left"
"The Beatles/10CD2_-_The_Beatles/CD2_-_05_-_Sexy_Sadie/centre"
"The Beatles/10CD2_-_The_Beatles/CD2_-_05_-_Sexy_Sadie/hard_right"
"The Beatles/10CD2_-_The_Beatles/CD2_-_05_-_Sexy_Sadie/sides"
"The Beatles/10CD2_-_The_Beatles/CD2_-_06_-_Helter_Skelter/mono"
"The Beatles/10CD2_-_The_Beatles/CD2_-_06_-_Helter_Skelter/left"
"The Beatles/10CD2_-_The_Beatles/CD2_-_06_-_Helter_Skelter/right"
"The Beatles/10CD2_-_The_Beatles/CD2_-_06_-_Helter_Skelter/hard_left"
"The Beatles/10CD2_-_The_Beatles/CD2_-_06_-_Helter_Skelter/centre"
"The Beatles/10CD2_-_The_Beatles/CD2_-_06_-_Helter_Skelter/hard_right"
"The Beatles/10CD2_-_The_Beatles/CD2_-_06_-_Helter_Skelter/sides"
"The Beatles/10CD2_-_The_Beatles/CD2_-_07_-_Long_Long_Long/mono"
"The Beatles/10CD2_-_The_Beatles/CD2_-_07_-_Long_Long_Long/left"
"The Beatles/10CD2_-_The_Beatles/CD2_-_07_-_Long_Long_Long/right"
"The Beatles/10CD2_-_The_Beatles/CD2_-_07_-_Long_Long_Long/hard_left"
"The Beatles/10CD2_-_The_Beatles/CD2_-_07_-_Long_Long_Long/centre"
"The Beatles/10CD2_-_The_Beatles/CD2_-_07_-_Long_Long_Long/hard_right"
"The Beatles/10CD2_-_The_Beatles/CD2_-_07_-_Long_Long_Long/sides"
"The Beatles/10CD2_-_The_Beatles/CD2_-_08_-_Revolution_1/mono"
"The Beatles/10CD2_-_The_Beatles/CD2_-_08_-_Revolution_1/left"
"The Beatles/10CD2_-_The_Beatles/CD2_-_08_-_Revolution_1/right"
"The Beatles/10CD2_-_The_Beatles/CD2_-_08_-_Revolution_1/hard_left"
"The Beatles/10CD2_-_The_Beatles/CD2_-_08_-_Revolution_1/centre"
"The Beatles/10CD2_-_The_Beatles/CD2_-_08_-_Revolution_1/hard_right"
"The Beatles/10CD2_-_The_Beatles/CD2_-_08_-_Revolution_1/sides"
"The Beatles/10CD2_-_The_Beatles/CD2_-_09_-_Honey_Pie/mono"
"The Beatles/10CD2_-_The_Beatles/CD2_-_09_-_Honey_Pie/left"
"The Beatles/10CD2_-_The_Beatles/CD2_-_09_-_Honey_Pie/right"
"The Beatles/10CD2_-_The_Beatles/CD2_-_09_-_Honey_Pie/hard_left"
"The Beatles/10CD2_-_The_Beatles/CD2_-_09_-_Honey_Pie/centre"
"The Beatles/10CD2_-_The_Beatles/CD2_-_09_-_Honey_Pie/hard_right"
"The Beatles/10CD2_-_The_Beatles/CD2_-_09_-_Honey_Pie/sides"
"The Beatles/10CD2_-_The_Beatles/CD2_-_10_-_Savoy_Truffle/mono"
"The Beatles/10CD2_-_The_Beatles/CD2_-_10_-_Savoy_Truffle/left"
"The Beatles/10CD2_-_The_Beatles/CD2_-_10_-_Savoy_Truffle/right"
"The Beatles/10CD2_-_The_Beatles/CD2_-_10_-_Savoy_Truffle/hard_left"
"The Beatles/10CD2_-_The_Beatles/CD2_-_10_-_Savoy_Truffle/centre"
"The Beatles/10CD2_-_The_Beatles/CD2_-_10_-_Savoy_Truffle/hard_right"
"The Beatles/10CD2_-_The_Beatles/CD2_-_10_-_Savoy_Truffle/sides"
"The Beatles/10CD2_-_The_Beatles/CD2_-_11_-_Cry_Baby_Cry/mono"
"The Beatles/10CD2_-_The_Beatles/CD2_-_11_-_Cry_Baby_Cry/left"
"The Beatles/10CD2_-_The_Beatles/CD2_-_11_-_Cry_Baby_Cry/right"
"The Beatles/10CD2_-_The_Beatles/CD2_-_11_-_Cry_Baby_Cry/hard_left"
"The Beatles/10CD2_-_The_Beatles/CD2_-_11_-_Cry_Baby_Cry/centre"
"The Beatles/10CD2_-_The_Beatles/CD2_-_11_-_Cry_Baby_Cry/hard_right"
"The Beatles/10CD2_-_The_Beatles/CD2_-_11_-_Cry_Baby_Cry/sides"
"The Beatles/10CD2_-_The_Beatles/CD2_-_12_-_Revolution_9/mono"
"The Beatles/10CD2_-_The_Beatles/CD2_-_12_-_Revolution_9/left"
"The Beatles/10CD2_-_The_Beatles/CD2_-_12_-_Revolution_9/right"
"The Beatles/10CD2_-_The_Beatles/CD2_-_12_-_Revolution_9/hard_left"
"The Beatles/10CD2_-_The_Beatles/CD2_-_12_-_Revolution_9/centre"
"The Beatles/10CD2_-_The_Beatles/CD2_-_12_-_Revolution_9/hard_right"
"The Beatles/10CD2_-_The_Beatles/CD2_-_12_-_Revolution_9/sides"
"The Beatles/10CD2_-_The_Beatles/CD2_-_13_-_Good_Night/mono"
"The Beatles/10CD2_-_The_Beatles/CD2_-_13_-_Good_Night/left"
"The Beatles/10CD2_-_The_Beatles/CD2_-_13_-_Good_Night/right"
"The Beatles/10CD2_-_The_Beatles/CD2_-_13_-_Good_Night/hard_left"
"The Beatles/10CD2_-_The_Beatles/CD2_-_13_-_Good_Night/centre"
"The Beatles/10CD2_-_The_Beatles/CD2_-_13_-_Good_Night/hard_right"
"The Beatles/10CD2_-_The_Beatles/CD2_-_13_-_Good_Night/sides"
"The Beatles/11_-_Abbey_Road/01_-_Come_Together/mono"
"The Beatles/11_-_Abbey_Road/01_-_Come_Together/left"
"The Beatles/11_-_Abbey_Road/01_-_Come_Together/right"
"The Beatles/11_-_Abbey_Road/01_-_Come_Together/hard_left"
"The Beatles/11_-_Abbey_Road/01_-_Come_Together/centre"
"The Beatles/11_-_Abbey_Road/01_-_Come_Together/hard_right"
"The Beatles/11_-_Abbey_Road/01_-_Come_Together/sides"
"The Beatles/11_-_Abbey_Road/02_-_Something/mono"
"The Beatles/11_-_Abbey_Road/02_-_Something/left"
"The Beatles/11_-_Abbey_Road/02_-_Something/right"
"The Beatles/11_-_Abbey_Road/02_-_Something/hard_left"
"The Beatles/11_-_Abbey_Road/02_-_Something/centre"
"The Beatles/11_-_Abbey_Road/02_-_Something/hard_right"
"The Beatles/11_-_Abbey_Road/02_-_Something/sides"
"The Beatles/11_-_Abbey_Road/03_-_Maxwell's_Silver_Hammer/mono"
"The Beatles/11_-_Abbey_Road/03_-_Maxwell's_Silver_Hammer/left"
"The Beatles/11_-_Abbey_Road/03_-_Maxwell's_Silver_Hammer/right"
"The Beatles/11_-_Abbey_Road/03_-_Maxwell's_Silver_Hammer/hard_left"
"The Beatles/11_-_Abbey_Road/03_-_Maxwell's_Silver_Hammer/centre"
"The Beatles/11_-_Abbey_Road/03_-_Maxwell's_Silver_Hammer/hard_right"
"The Beatles/11_-_Abbey_Road/03_-_Maxwell's_Silver_Hammer/sides"
"The Beatles/11_-_Abbey_Road/04_-_Oh!_Darling/mono"
"The Beatles/11_-_Abbey_Road/04_-_Oh!_Darling/left"
"The Beatles/11_-_Abbey_Road/04_-_Oh!_Darling/right"
"The Beatles/11_-_Abbey_Road/04_-_Oh!_Darling/hard_left"
"The Beatles/11_-_Abbey_Road/04_-_Oh!_Darling/centre"
"The Beatles/11_-_Abbey_Road/04_-_Oh!_Darling/hard_right"
"The Beatles/11_-_Abbey_Road/04_-_Oh!_Darling/sides"
"The Beatles/11_-_Abbey_Road/05_-_Octopus's_Garden/mono"
"The Beatles/11_-_Abbey_Road/05_-_Octopus's_Garden/left"
"The Beatles/11_-_Abbey_Road/05_-_Octopus's_Garden/right"
"The Beatles/11_-_Abbey_Road/05_-_Octopus's_Garden/hard_left"
"The Beatles/11_-_Abbey_Road/05_-_Octopus's_Garden/centre"
"The Beatles/11_-_Abbey_Road/05_-_Octopus's_Garden/hard_right"
"The Beatles/11_-_Abbey_Road/05_-_Octopus's_Garden/sides"
"The Beatles/11_-_Abbey_Road/06_-_I_Want_You/mono"
"The Beatles/11_-_Abbey_Road/06_-_I_Want_You/left"
"The Beatles/11_-_Abbey_Road/06_-_I_Want_You/right"
"The Beatles/11_-_Abbey_Road/06_-_I_Want_You/hard_left"
"The Beatles/11_-_Abbey_Road/06_-_I_Want_You/centre"
"The Beatles/11_-_Abbey_Road/06_-_I_Want_You/hard_right"
"The Beatles/11_-_Abbey_Road/06_-_I_Want_You/sides"
"The Beatles/11_-_Abbey_Road/07_-_Here_Comes_The_Sun/mono"
"The Beatles/11_-_Abbey_Road/07_-_Here_Comes_The_Sun/left"
"The Beatles/11_-_Abbey_Road/07_-_Here_Comes_The_Sun/right"
"The Beatles/11_-_Abbey_Road/07_-_Here_Comes_The_Sun/hard_left"
"The Beatles/11_-_Abbey_Road/07_-_Here_Comes_The_Sun/centre"
"The Beatles/11_-_Abbey_Road/07_-_Here_Comes_The_Sun/hard_right"
"The Beatles/11_-_Abbey_Road/07_-_Here_Comes_The_Sun/sides"
"The Beatles/11_-_Abbey_Road/08_-_Because/mono"
"The Beatles/11_-_Abbey_Road/08_-_Because/left"
"The Beatles/11_-_Abbey_Road/08_-_Because/right"
"The Beatles/11_-_Abbey_Road/08_-_Because/hard_left"
"The Beatles/11_-_Abbey_Road/08_-_Because/centre"
"The Beatles/11_-_Abbey_Road/08_-_Because/hard_right"
"The Beatles/11_-_Abbey_Road/08_-_Because/sides"
"The Beatles/11_-_Abbey_Road/09_-_You_Never_Give_Me_Your_Money/mono"
"The Beatles/11_-_Abbey_Road/09_-_You_Never_Give_Me_Your_Money/left"
"The Beatles/11_-_Abbey_Road/09_-_You_Never_Give_Me_Your_Money/right"
"The Beatles/11_-_Abbey_Road/09_-_You_Never_Give_Me_Your_Money/hard_left"
"The Beatles/11_-_Abbey_Road/09_-_You_Never_Give_Me_Your_Money/centre"
"The Beatles/11_-_Abbey_Road/09_-_You_Never_Give_Me_Your_Money/hard_right"
"The Beatles/11_-_Abbey_Road/09_-_You_Never_Give_Me_Your_Money/sides"
"The Beatles/11_-_Abbey_Road/10_-_Sun_King/mono"
"The Beatles/11_-_Abbey_Road/10_-_Sun_King/left"
"The Beatles/11_-_Abbey_Road/10_-_Sun_King/right"
"The Beatles/11_-_Abbey_Road/10_-_Sun_King/hard_left"
"The Beatles/11_-_Abbey_Road/10_-_Sun_King/centre"
"The Beatles/11_-_Abbey_Road/10_-_Sun_King/hard_right"
"The Beatles/11_-_Abbey_Road/10_-_Sun_King/sides"
"The Beatles/11_-_Abbey_Road/11_-_Mean_Mr_Mustard/mono"
"The Beatles/11_-_Abbey_Road/11_-_Mean_Mr_Mustard/left"
"The Beatles/11_-_Abbey_Road/11_-_Mean_Mr_Mustard/right"
"The Beatles/11_-_Abbey_Road/11_-_Mean_Mr_Mustard/hard_left"
"The Beatles/11_-_Abbey_Road/11_-_Mean_Mr_Mustard/centre"
"The Beatles/11_-_Abbey_Road/11_-_Mean_Mr_Mustard/hard_right"
"The Beatles/11_-_Abbey_Road/11_-_Mean_Mr_Mustard/sides"
"The Beatles/11_-_Abbey_Road/12_-_Polythene_Pam/mono"
"The Beatles/11_-_Abbey_Road/12_-_Polythene_Pam/left"
"The Beatles/11_-_Abbey_Road/12_-_Polythene_Pam/right"
"The Beatles/11_-_Abbey_Road/12_-_Polythene_Pam/hard_left"
"The Beatles/11_-_Abbey_Road/12_-_Polythene_Pam/centre"
"The Beatles/11_-_Abbey_Road/12_-_Polythene_Pam/hard_right"
"The Beatles/11_-_Abbey_Road/12_-_Polythene_Pam/sides"
"The Beatles/11_-_Abbey_Road/13_-_She_Came_In_Through_The_Bathroom_Window/mono"
"The Beatles/11_-_Abbey_Road/13_-_She_Came_In_Through_The_Bathroom_Window/left"
"The Beatles/11_-_Abbey_Road/13_-_She_Came_In_Through_The_Bathroom_Window/right"
"The Beatles/11_-_Abbey_Road/13_-_She_Came_In_Through_The_Bathroom_Window/hard_left"
"The Beatles/11_-_Abbey_Road/13_-_She_Came_In_Through_The_Bathroom_Window/centre"
"The Beatles/11_-_Abbey_Road/13_-_She_Came_In_Through_The_Bathroom_Window/hard_right"
"The Beatles/11_-_Abbey_Road/13_-_She_Came_In_Through_The_Bathroom_Window/sides"
"The Beatles/11_-_Abbey_Road/14_-_Golden_Slumbers/mono"
"The Beatles/11_-_Abbey_Road/14_-_Golden_Slumbers/left"
"The Beatles/11_-_Abbey_Road/14_-_Golden_Slumbers/right"
"The Beatles/11_-_Abbey_Road/14_-_Golden_Slumbers/hard_left"
"The Beatles/11_-_Abbey_Road/14_-_Golden_Slumbers/centre"
"The Beatles/11_-_Abbey_Road/14_-_Golden_Slumbers/hard_right"
"The Beatles/11_-_Abbey_Road/14_-_Golden_Slumbers/sides"
"The Beatles/11_-_Abbey_Road/15_-_Carry_That_Weight/mono"
"The Beatles/11_-_Abbey_Road/15_-_Carry_That_Weight/left"
"The Beatles/11_-_Abbey_Road/15_-_Carry_That_Weight/right"
"The Beatles/11_-_Abbey_Road/15_-_Carry_That_Weight/hard_left"
"The Beatles/11_-_Abbey_Road/15_-_Carry_That_Weight/centre"
"The Beatles/11_-_Abbey_Road/15_-_Carry_That_Weight/hard_right"
"The Beatles/11_-_Abbey_Road/15_-_Carry_That_Weight/sides"
"The Beatles/11_-_Abbey_Road/16_-_The_End/mono"
"The Beatles/11_-_Abbey_Road/16_-_The_End/left"
"The Beatles/11_-_Abbey_Road/16_-_The_End/right"
"The Beatles/11_-_Abbey_Road/16_-_The_End/hard_left"
"The Beatles/11_-_Abbey_Road/16_-_The_End/centre"
"The Beatles/11_-_Abbey_Road/16_-_The_End/hard_right"
"The Beatles/11_-_Abbey_Road/16_-_The_End/sides"
"The Beatles/11_-_Abbey_Road/17_-_Her_Majesty/mono"
"The Beatles/11_-_Abbey_Road/17_-_Her_Majesty/left"
"The Beatles/11_-_Abbey_Road/17_-_Her_Majesty/right"
"The Beatles/11_-_Abbey_Road/17_-_Her_Majesty/hard_left"
"The Beatles/11_-_Abbey_Road/17_-_Her_Majesty/centre"
"The Beatles/11_-_Abbey_Road/17_-_Her_Majesty/hard_right"
"The Beatles/11_-_Abbey_Road/17_-_Her_Majesty/sides"
"The Beatles/12_-_Let_It_Be/01_-_Two_of_Us/mono"
"The Beatles/12_-_Let_It_Be/01_-_Two_of_Us/left"
"The Beatles/12_-_Let_It_Be/01_-_Two_of_Us/right"
"The Beatles/12_-_Let_It_Be/01_-_Two_of_Us/hard_left"
"The Beatles/12_-_Let_It_Be/01_-_Two_of_Us/centre"
"The Beatles/12_-_Let_It_Be/01_-_Two_of_Us/hard_right"
"The Beatles/12_-_Let_It_Be/01_-_Two_of_Us/sides"
"The Beatles/12_-_Let_It_Be/02_-_Dig_a_Pony/mono"
"The Beatles/12_-_Let_It_Be/02_-_Dig_a_Pony/left"
"The Beatles/12_-_Let_It_Be/02_-_Dig_a_Pony/right"
"The Beatles/12_-_Let_It_Be/02_-_Dig_a_Pony/hard_left"
"The Beatles/12_-_Let_It_Be/02_-_Dig_a_Pony/centre"
"The Beatles/12_-_Let_It_Be/02_-_Dig_a_Pony/hard_right"
"The Beatles/12_-_Let_It_Be/02_-_Dig_a_Pony/sides"
"The Beatles/12_-_Let_It_Be/03_-_Across_the_Universe/mono"
"The Beatles/12_-_Let_It_Be/03_-_Across_the_Universe/left"
"The Beatles/12_-_Let_It_Be/03_-_Across_the_Universe/right"
"The Beatles/12_-_Let_It_Be/03_-_Across_the_Universe/hard_left"
"The Beatles/12_-_Let_It_Be/03_-_Across_the_Universe/centre"
"The Beatles/12_-_Let_It_Be/03_-_Across_the_Universe/hard_right"
"The Beatles/12_-_Let_It_Be/03_-_Across_the_Universe/sides"
"The Beatles/12_-_Let_It_Be/04_-_I_Me_Mine/mono"
"The Beatles/12_-_Let_It_Be/04_-_I_Me_Mine/left"
"The Beatles/12_-_Let_It_Be/04_-_I_Me_Mine/right"
"The Beatles/12_-_Let_It_Be/04_-_I_Me_Mine/hard_left"
"The Beatles/12_-_Let_It_Be/04_-_I_Me_Mine/centre"
"The Beatles/12_-_Let_It_Be/04_-_I_Me_Mine/hard_right"
"The Beatles/12_-_Let_It_Be/04_-_I_Me_Mine/sides"
"The Beatles/12_-_Let_It_Be/05_-_Dig_It/mono"
"The Beatles/12_-_Let_It_Be/05_-_Dig_It/left"
"The Beatles/12_-_Let_It_Be/05_-_Dig_It/right"
"The Beatles/12_-_Let_It_Be/05_-_Dig_It/hard_left"
"The Beatles/12_-_Let_It_Be/05_-_Dig_It/centre"
"The Beatles/12_-_Let_It_Be/05_-_Dig_It/hard_right"
"The Beatles/12_-_Let_It_Be/05_-_Dig_It/sides"
"The Beatles/12_-_Let_It_Be/06_-_Let_It_Be/mono"
"The Beatles/12_-_Let_It_Be/06_-_Let_It_Be/left"
"The Beatles/12_-_Let_It_Be/06_-_Let_It_Be/right"
"The Beatles/12_-_Let_It_Be/06_-_Let_It_Be/hard_left"
"The Beatles/12_-_Let_It_Be/06_-_Let_It_Be/centre"
"The Beatles/12_-_Let_It_Be/06_-_Let_It_Be/hard_right"
"The Beatles/12_-_Let_It_Be/06_-_Let_It_Be/sides"
"The Beatles/12_-_Let_It_Be/07_-_Maggie_Mae/mono"
"The Beatles/12_-_Let_It_Be/07_-_Maggie_Mae/left"
"The Beatles/12_-_Let_It_Be/07_-_Maggie_Mae/right"
"The Beatles/12_-_Let_It_Be/07_-_Maggie_Mae/hard_left"
"The Beatles/12_-_Let_It_Be/07_-_Maggie_Mae/centre"
"The Beatles/12_-_Let_It_Be/07_-_Maggie_Mae/hard_right"
"The Beatles/12_-_Let_It_Be/07_-_Maggie_Mae/sides"
"The Beatles/12_-_Let_It_Be/08_-_I've_Got_A_Feeling/mono"
"The Beatles/12_-_Let_It_Be/08_-_I've_Got_A_Feeling/left"
"The Beatles/12_-_Let_It_Be/08_-_I've_Got_A_Feeling/right"
"The Beatles/12_-_Let_It_Be/08_-_I've_Got_A_Feeling/hard_left"
"The Beatles/12_-_Let_It_Be/08_-_I've_Got_A_Feeling/centre"
"The Beatles/12_-_Let_It_Be/08_-_I've_Got_A_Feeling/hard_right"
"The Beatles/12_-_Let_It_Be/08_-_I've_Got_A_Feeling/sides"
"The Beatles/12_-_Let_It_Be/09_-_One_After_909/mono"
"The Beatles/12_-_Let_It_Be/09_-_One_After_909/left"
"The Beatles/12_-_Let_It_Be/09_-_One_After_909/right"
"The Beatles/12_-_Let_It_Be/09_-_One_After_909/hard_left"
"The Beatles/12_-_Let_It_Be/09_-_One_After_909/centre"
"The Beatles/12_-_Let_It_Be/09_-_One_After_909/hard_right"
"The Beatles/12_-_Let_It_Be/09_-_One_After_909/sides"
"The Beatles/12_-_Let_It_Be/10_-_The_Long_and_Winding_Road/mono"
"The Beatles/12_-_Let_It_Be/10_-_The_Long_and_Winding_Road/left"
"The Beatles/12_-_Let_It_Be/10_-_The_Long_and_Winding_Road/right"
"The Beatles/12_-_Let_It_Be/10_-_The_Long_and_Winding_Road/hard_left"
"The Beatles/12_-_Let_It_Be/10_-_The_Long_and_Winding_Road/centre"
"The Beatles/12_-_Let_It_Be/10_-_The_Long_and_Winding_Road/hard_right"
"The Beatles/12_-_Let_It_Be/10_-_The_Long_and_Winding_Road/sides"
"The Beatles/12_-_Let_It_Be/11_-_For_You_Blue/mono"
"The Beatles/12_-_Let_It_Be/11_-_For_You_Blue/left"
"The Beatles/12_-_Let_It_Be/11_-_For_You_Blue/right"
"The Beatles/12_-_Let_It_Be/11_-_For_You_Blue/hard_left"
"The Beatles/12_-_Let_It_Be/11_-_For_You_Blue/centre"
"The Beatles/12_-_Let_It_Be/11_-_For_You_Blue/hard_right"
"The Beatles/12_-_Let_It_Be/11_-_For_You_Blue/sides"
"The Beatles/12_-_Let_It_Be/12_-_Get_Back/mono"
"The Beatles/12_-_Let_It_Be/12_-_Get_Back/left"
"The Beatles/12_-_Let_It_Be/12_-_Get_Back/right"
"The Beatles/12_-_Let_It_Be/12_-_Get_Back/hard_left"
"The Beatles/12_-_Let_It_Be/12_-_Get_Back/centre"
"The Beatles/12_-_Let_It_Be/12_-_Get_Back/hard_right"
"The Beatles/12_-_Let_It_Be/12_-_Get_Back/sides"
"Queen/Greatest_Hits_I/01_Bohemian_Rhapsody/mono"
"Queen/Greatest_Hits_I/01_Bohemian_Rhapsody/left"
"Queen/Greatest_Hits_I/01_Bohemian_Rhapsody/right"
"Queen/Greatest_Hits_I/01_Bohemian_Rhapsody/hard_left"
"Queen/Greatest_Hits_I/01_Bohemian_Rhapsody/centre"
"Queen/Greatest_Hits_I/01_Bohemian_Rhapsody/hard_right"
"Queen/Greatest_Hits_I/01_Bohemian_Rhapsody/sides"
"Queen/Greatest_Hits_I/02_Another_One_Bites_The_Dust/mono"
"Queen/Greatest_Hits_I/02_Another_One_Bites_The_Dust/left"
"Queen/Greatest_Hits_I/02_Another_One_Bites_The_Dust/right"
"Queen/Greatest_Hits_I/02_Another_One_Bites_The_Dust/hard_left"
"Queen/Greatest_Hits_I/02_Another_One_Bites_The_Dust/centre"
"Queen/Greatest_Hits_I/02_Another_One_Bites_The_Dust/hard_right"
"Queen/Greatest_Hits_I/02_Another_One_Bites_The_Dust/sides"
"Queen/Greatest_Hits_I/04_Fat_Bottomed_Girls/mono"
"Queen/Greatest_Hits_I/04_Fat_Bottomed_Girls/left"
"Queen/Greatest_Hits_I/04_Fat_Bottomed_Girls/right"
"Queen/Greatest_Hits_I/04_Fat_Bottomed_Girls/hard_left"
"Queen/Greatest_Hits_I/04_Fat_Bottomed_Girls/centre"
"Queen/Greatest_Hits_I/04_Fat_Bottomed_Girls/hard_right"
"Queen/Greatest_Hits_I/04_Fat_Bottomed_Girls/sides"
"Queen/Greatest_Hits_I/05_Bicycle_Race/mono"
"Queen/Greatest_Hits_I/05_Bicycle_Race/left"
"Queen/Greatest_Hits_I/05_Bicycle_Race/right"
"Queen/Greatest_Hits_I/05_Bicycle_Race/hard_left"
"Queen/Greatest_Hits_I/05_Bicycle_Race/centre"
"Queen/Greatest_Hits_I/05_Bicycle_Race/hard_right"
"Queen/Greatest_Hits_I/05_Bicycle_Race/sides"
"Queen/Greatest_Hits_I/06_You're_My_Best_Friend/mono"
"Queen/Greatest_Hits_I/06_You're_My_Best_Friend/left"
"Queen/Greatest_Hits_I/06_You're_My_Best_Friend/right"
"Queen/Greatest_Hits_I/06_You're_My_Best_Friend/hard_left"
"Queen/Greatest_Hits_I/06_You're_My_Best_Friend/centre"
"Queen/Greatest_Hits_I/06_You're_My_Best_Friend/hard_right"
"Queen/Greatest_Hits_I/06_You're_My_Best_Friend/sides"
"Queen/Greatest_Hits_I/07_Don't_Stop_Me_Now/mono"
"Queen/Greatest_Hits_I/07_Don't_Stop_Me_Now/left"
"Queen/Greatest_Hits_I/07_Don't_Stop_Me_Now/right"
"Queen/Greatest_Hits_I/07_Don't_Stop_Me_Now/hard_left"
"Queen/Greatest_Hits_I/07_Don't_Stop_Me_Now/centre"
"Queen/Greatest_Hits_I/07_Don't_Stop_Me_Now/hard_right"
"Queen/Greatest_Hits_I/07_Don't_Stop_Me_Now/sides"
"Queen/Greatest_Hits_I/08_Save_Me/mono"
"Queen/Greatest_Hits_I/08_Save_Me/left"
"Queen/Greatest_Hits_I/08_Save_Me/right"
"Queen/Greatest_Hits_I/08_Save_Me/hard_left"
"Queen/Greatest_Hits_I/08_Save_Me/centre"
"Queen/Greatest_Hits_I/08_Save_Me/hard_right"
"Queen/Greatest_Hits_I/08_Save_Me/sides"
"Queen/Greatest_Hits_I/09_Crazy_Little_Thing_Called_Love/mono"
"Queen/Greatest_Hits_I/09_Crazy_Little_Thing_Called_Love/left"
"Queen/Greatest_Hits_I/09_Crazy_Little_Thing_Called_Love/right"
"Queen/Greatest_Hits_I/09_Crazy_Little_Thing_Called_Love/hard_left"
"Queen/Greatest_Hits_I/09_Crazy_Little_Thing_Called_Love/centre"
"Queen/Greatest_Hits_I/09_Crazy_Little_Thing_Called_Love/hard_right"
"Queen/Greatest_Hits_I/09_Crazy_Little_Thing_Called_Love/sides"
"Queen/Greatest_Hits_I/10_Somebody_To_Love/mono"
"Queen/Greatest_Hits_I/10_Somebody_To_Love/left"
"Queen/Greatest_Hits_I/10_Somebody_To_Love/right"
"Queen/Greatest_Hits_I/10_Somebody_To_Love/hard_left"
"Queen/Greatest_Hits_I/10_Somebody_To_Love/centre"
"Queen/Greatest_Hits_I/10_Somebody_To_Love/hard_right"
"Queen/Greatest_Hits_I/10_Somebody_To_Love/sides"
"Queen/Greatest_Hits_I/12_Good_Old-Fashioned_Lover_Boy/mono"
"Queen/Greatest_Hits_I/12_Good_Old-Fashioned_Lover_Boy/left"
"Queen/Greatest_Hits_I/12_Good_Old-Fashioned_Lover_Boy/right"
"Queen/Greatest_Hits_I/12_Good_Old-Fashioned_Lover_Boy/hard_left"
"Queen/Greatest_Hits_I/12_Good_Old-Fashioned_Lover_Boy/centre"
"Queen/Greatest_Hits_I/12_Good_Old-Fashioned_Lover_Boy/hard_right"
"Queen/Greatest_Hits_I/12_Good_Old-Fashioned_Lover_Boy/sides"
"Queen/Greatest_Hits_I/13_Play_The_Game/mono"
"Queen/Greatest_Hits_I/13_Play_The_Game/left"
"Queen/Greatest_Hits_I/13_Play_The_Game/right"
"Queen/Greatest_Hits_I/13_Play_The_Game/hard_left"
"Queen/Greatest_Hits_I/13_Play_The_Game/centre"
"Queen/Greatest_Hits_I/13_Play_The_Game/hard_right"
"Queen/Greatest_Hits_I/13_Play_The_Game/sides"
"Queen/Greatest_Hits_I/15_Seven_Seas_Of_Rhye/mono"
"Queen/Greatest_Hits_I/15_Seven_Seas_Of_Rhye/left"
"Queen/Greatest_Hits_I/15_Seven_Seas_Of_Rhye/right"
"Queen/Greatest_Hits_I/15_Seven_Seas_Of_Rhye/hard_left"
"Queen/Greatest_Hits_I/15_Seven_Seas_Of_Rhye/centre"
"Queen/Greatest_Hits_I/15_Seven_Seas_Of_Rhye/hard_right"
"Queen/Greatest_Hits_I/15_Seven_Seas_Of_Rhye/sides"
"Queen/Greatest_Hits_I/16_We_Will_Rock_You/mono"
"Queen/Greatest_Hits_I/16_We_Will_Rock_You/left"
"Queen/Greatest_Hits_I/16_We_Will_Rock_You/right"
"Queen/Greatest_Hits_I/16_We_Will_Rock_You/hard_left"
"Queen/Greatest_Hits_I/16_We_Will_Rock_You/centre"
"Queen/Greatest_Hits_I/16_We_Will_Rock_You/hard_right"
"Queen/Greatest_Hits_I/16_We_Will_Rock_You/sides"
"Queen/Greatest_Hits_I/17_We_Are_The_Champions/mono"
"Queen/Greatest_Hits_I/17_We_Are_The_Champions/left"
"Queen/Greatest_Hits_I/17_We_Are_The_Champions/right"
"Queen/Greatest_Hits_I/17_We_Are_The_Champions/hard_left"
"Queen/Greatest_Hits_I/17_We_Are_The_Champions/centre"
"Queen/Greatest_Hits_I/17_We_Are_The_Champions/hard_right"
"Queen/Greatest_Hits_I/17_We_Are_The_Champions/sides"
"Queen/Greatest_Hits_II/01_A_Kind_Of_Magic/mono"
"Queen/Greatest_Hits_II/01_A_Kind_Of_Magic/left"
"Queen/Greatest_Hits_II/01_A_Kind_Of_Magic/right"
"Queen/Greatest_Hits_II/01_A_Kind_Of_Magic/hard_left"
"Queen/Greatest_Hits_II/01_A_Kind_Of_Magic/centre"
"Queen/Greatest_Hits_II/01_A_Kind_Of_Magic/hard_right"
"Queen/Greatest_Hits_II/01_A_Kind_Of_Magic/sides"
"Queen/Greatest_Hits_II/05_I_Want_To_Break_Free/mono"
"Queen/Greatest_Hits_II/05_I_Want_To_Break_Free/left"
"Queen/Greatest_Hits_II/05_I_Want_To_Break_Free/right"
"Queen/Greatest_Hits_II/05_I_Want_To_Break_Free/hard_left"
"Queen/Greatest_Hits_II/05_I_Want_To_Break_Free/centre"
"Queen/Greatest_Hits_II/05_I_Want_To_Break_Free/hard_right"
"Queen/Greatest_Hits_II/05_I_Want_To_Break_Free/sides"
"Queen/Greatest_Hits_II/09_Who_Wants_To_Live_Forever/mono"
"Queen/Greatest_Hits_II/09_Who_Wants_To_Live_Forever/left"
"Queen/Greatest_Hits_II/09_Who_Wants_To_Live_Forever/right"
"Queen/Greatest_Hits_II/09_Who_Wants_To_Live_Forever/hard_left"
"Queen/Greatest_Hits_II/09_Who_Wants_To_Live_Forever/centre"
"Queen/Greatest_Hits_II/09_Who_Wants_To_Live_Forever/hard_right"
"Queen/Greatest_Hits_II/09_Who_Wants_To_Live_Forever/sides"
"Queen/Greatest_Hits_II/14_Hammer_To_Fall/mono"
"Queen/Greatest_Hits_II/14_Hammer_To_Fall/left"
"Queen/Greatest_Hits_II/14_Hammer_To_Fall/right"
"Queen/Greatest_Hits_II/14_Hammer_To_Fall/hard_left"
"Queen/Greatest_Hits_II/14_Hammer_To_Fall/centre"
"Queen/Greatest_Hits_II/14_Hammer_To_Fall/hard_right"
"Queen/Greatest_Hits_II/14_Hammer_To_Fall/sides"
"Queen/Greatest_Hits_II/15_Friends_Will_Be_Friends/mono"
"Queen/Greatest_Hits_II/15_Friends_Will_Be_Friends/left"
"Queen/Greatest_Hits_II/15_Friends_Will_Be_Friends/right"
"Queen/Greatest_Hits_II/15_Friends_Will_Be_Friends/hard_left"
"Queen/Greatest_Hits_II/15_Friends_Will_Be_Friends/centre"
"Queen/Greatest_Hits_II/15_Friends_Will_Be_Friends/hard_right"
"Queen/Greatest_Hits_II/15_Friends_Will_Be_Friends/sides"
"Zweieck/Zwielicht/01_-_Spiel_Mir_Eine_Alte_Melodie/mono"
"Zweieck/Zwielicht/01_-_Spiel_Mir_Eine_Alte_Melodie/left"
"Zweieck/Zwielicht/01_-_Spiel_Mir_Eine_Alte_Melodie/right"
"Zweieck/Zwielicht/01_-_Spiel_Mir_Eine_Alte_Melodie/hard_left"
"Zweieck/Zwielicht/01_-_Spiel_Mir_Eine_Alte_Melodie/centre"
"Zweieck/Zwielicht/01_-_Spiel_Mir_Eine_Alte_Melodie/hard_right"
"Zweieck/Zwielicht/01_-_Spiel_Mir_Eine_Alte_Melodie/sides"
"Zweieck/Zwielicht/02_-_Rawhide/mono"
"Zweieck/Zwielicht/02_-_Rawhide/left"
"Zweieck/Zwielicht/02_-_Rawhide/right"
"Zweieck/Zwielicht/02_-_Rawhide/hard_left"
"Zweieck/Zwielicht/02_-_Rawhide/centre"
"Zweieck/Zwielicht/02_-_Rawhide/hard_right"
"Zweieck/Zwielicht/02_-_Rawhide/sides"
"Zweieck/Zwielicht/03_-_She/mono"
"Zweieck/Zwielicht/03_-_She/left"
"Zweieck/Zwielicht/03_-_She/right"
"Zweieck/Zwielicht/03_-_She/hard_left"
"Zweieck/Zwielicht/03_-_She/centre"
"Zweieck/Zwielicht/03_-_She/hard_right"
"Zweieck/Zwielicht/03_-_She/sides"
"Zweieck/Zwielicht/04_-_Erbauliche_Gedanken_Eines_Tobackrauchers/mono"
"Zweieck/Zwielicht/04_-_Erbauliche_Gedanken_Eines_Tobackrauchers/left"
"Zweieck/Zwielicht/04_-_Erbauliche_Gedanken_Eines_Tobackrauchers/right"
"Zweieck/Zwielicht/04_-_Erbauliche_Gedanken_Eines_Tobackrauchers/hard_left"
"Zweieck/Zwielicht/04_-_Erbauliche_Gedanken_Eines_Tobackrauchers/centre"
"Zweieck/Zwielicht/04_-_Erbauliche_Gedanken_Eines_Tobackrauchers/hard_right"
"Zweieck/Zwielicht/04_-_Erbauliche_Gedanken_Eines_Tobackrauchers/sides"
"Zweieck/Zwielicht/05_-_Andersrum/mono"
"Zweieck/Zwielicht/05_-_Andersrum/left"
"Zweieck/Zwielicht/05_-_Andersrum/right"
"Zweieck/Zwielicht/05_-_Andersrum/hard_left"
"Zweieck/Zwielicht/05_-_Andersrum/centre"
"Zweieck/Zwielicht/05_-_Andersrum/hard_right"
"Zweieck/Zwielicht/05_-_Andersrum/sides"
"Zweieck/Zwielicht/06_-_Tigerfest/mono"
"Zweieck/Zwielicht/06_-_Tigerfest/left"
"Zweieck/Zwielicht/06_-_Tigerfest/right"
"Zweieck/Zwielicht/06_-_Tigerfest/hard_left"
"Zweieck/Zwielicht/06_-_Tigerfest/centre"
"Zweieck/Zwielicht/06_-_Tigerfest/hard_right"
"Zweieck/Zwielicht/06_-_Tigerfest/sides"
"Zweieck/Zwielicht/07_-_Akne/mono"
"Zweieck/Zwielicht/07_-_Akne/left"
"Zweieck/Zwielicht/07_-_Akne/right"
"Zweieck/Zwielicht/07_-_Akne/hard_left"
"Zweieck/Zwielicht/07_-_Akne/centre"
"Zweieck/Zwielicht/07_-_Akne/hard_right"
"Zweieck/Zwielicht/07_-_Akne/sides"
"Zweieck/Zwielicht/08_-_Blass/mono"
"Zweieck/Zwielicht/08_-_Blass/left"
"Zweieck/Zwielicht/08_-_Blass/right"
"Zweieck/Zwielicht/08_-_Blass/hard_left"
"Zweieck/Zwielicht/08_-_Blass/centre"
"Zweieck/Zwielicht/08_-_Blass/hard_right"
"Zweieck/Zwielicht/08_-_Blass/sides"
"Zweieck/Zwielicht/09_-_Mr_Morgan/mono"
"Zweieck/Zwielicht/09_-_Mr_Morgan/left"
"Zweieck/Zwielicht/09_-_Mr_Morgan/right"
"Zweieck/Zwielicht/09_-_Mr_Morgan/hard_left"
"Zweieck/Zwielicht/09_-_Mr_Morgan/centre"
"Zweieck/Zwielicht/09_-_Mr_Morgan/hard_right"
"Zweieck/Zwielicht/09_-_Mr_Morgan/sides"
"Zweieck/Zwielicht/10_-_Liebesleid/mono"
"Zweieck/Zwielicht/10_-_Liebesleid/left"
"Zweieck/Zwielicht/10_-_Liebesleid/right"
"Zweieck/Zwielicht/10_-_Liebesleid/hard_left"
"Zweieck/Zwielicht/10_-_Liebesleid/centre"
"Zweieck/Zwielicht/10_-_Liebesleid/hard_right"
"Zweieck/Zwielicht/10_-_Liebesleid/sides"
"Zweieck/Zwielicht/11_-_Ich_Kann_Heute_Nicht/mono"
"Zweieck/Zwielicht/11_-_Ich_Kann_Heute_Nicht/left"
"Zweieck/Zwielicht/11_-_Ich_Kann_Heute_Nicht/right"
"Zweieck/Zwielicht/11_-_Ich_Kann_Heute_Nicht/hard_left"
"Zweieck/Zwielicht/11_-_Ich_Kann_Heute_Nicht/centre"
"Zweieck/Zwielicht/11_-_Ich_Kann_Heute_Nicht/hard_right"
"Zweieck/Zwielicht/11_-_Ich_Kann_Heute_Nicht/sides"
"Zweieck/Zwielicht/12_-_Jakob_Und_Marie/mono"
"Zweieck/Zwielicht/12_-_Jakob_Und_Marie/left"
"Zweieck/Zwielicht/12_-_Jakob_Und_Marie/right"
"Zweieck/Zwielicht/12_-_Jakob_Und_Marie/hard_left"
"Zweieck/Zwielicht/12_-_Jakob_Und_Marie/centre"
"Zweieck/Zwielicht/12_-_Jakob_Und_Marie/hard_right"
"Zweieck/Zwielicht/12_-_Jakob_Und_Marie/sides"
"Zweieck/Zwielicht/13_-_Paparazzi/mono"
"Zweieck/Zwielicht/13_-_Paparazzi/left"
"Zweieck/Zwielicht/13_-_Paparazzi/right"
"Zweieck/Zwielicht/13_-_Paparazzi/hard_left"
"Zweieck/Zwielicht/13_-_Paparazzi/centre"
"Zweieck/Zwielicht/13_-_Paparazzi/hard_right"
"Zweieck/Zwielicht/13_-_Paparazzi/sides"
"Zweieck/Zwielicht/14_-_Santa_Donna_Lucia_Mobile/mono"
"Zweieck/Zwielicht/14_-_Santa_Donna_Lucia_Mobile/left"
"Zweieck/Zwielicht/14_-_Santa_Donna_Lucia_Mobile/right"
"Zweieck/Zwielicht/14_-_Santa_Donna_Lucia_Mobile/hard_left"
"Zweieck/Zwielicht/14_-_Santa_Donna_Lucia_Mobile/centre"
"Zweieck/Zwielicht/14_-_Santa_Donna_Lucia_Mobile/hard_right"
"Zweieck/Zwielicht/14_-_Santa_Donna_Lucia_Mobile/sides"
"Zweieck/Zwielicht/15_-_Es_Wird_Alles_Wieder_Gut,_Herr_Professor/mono"
"Zweieck/Zwielicht/15_-_Es_Wird_Alles_Wieder_Gut,_Herr_Professor/left"
"Zweieck/Zwielicht/15_-_Es_Wird_Alles_Wieder_Gut,_Herr_Professor/right"
"Zweieck/Zwielicht/15_-_Es_Wird_Alles_Wieder_Gut,_Herr_Professor/hard_left"
"Zweieck/Zwielicht/15_-_Es_Wird_Alles_Wieder_Gut,_Herr_Professor/centre"
"Zweieck/Zwielicht/15_-_Es_Wird_Alles_Wieder_Gut,_Herr_Professor/hard_right"
"Zweieck/Zwielicht/15_-_Es_Wird_Alles_Wieder_Gut,_Herr_Professor/sides"
"Zweieck/Zwielicht/16_-_Zu_Leise_Für_Mich/mono"
"Zweieck/Zwielicht/16_-_Zu_Leise_Für_Mich/left"
"Zweieck/Zwielicht/16_-_Zu_Leise_Für_Mich/right"
"Zweieck/Zwielicht/16_-_Zu_Leise_Für_Mich/hard_left"
"Zweieck/Zwielicht/16_-_Zu_Leise_Für_Mich/centre"
"Zweieck/Zwielicht/16_-_Zu_Leise_Für_Mich/hard_right"
"Zweieck/Zwielicht/16_-_Zu_Leise_Für_Mich/sides"
"Zweieck/Zwielicht/17_-_Duell/mono"
"Zweieck/Zwielicht/17_-_Duell/left"
"Zweieck/Zwielicht/17_-_Duell/right"
"Zweieck/Zwielicht/17_-_Duell/hard_left"
"Zweieck/Zwielicht/17_-_Duell/centre"
"Zweieck/Zwielicht/17_-_Duell/hard_right"
"Zweieck/Zwielicht/17_-_Duell/sides"
"Zweieck/Zwielicht/18_-_Zuhause/mono"
"Zweieck/Zwielicht/18_-_Zuhause/left"
"Zweieck/Zwielicht/18_-_Zuhause/right"
"Zweieck/Zwielicht/18_-_Zuhause/hard_left"
"Zweieck/Zwielicht/18_-_Zuhause/centre"
"Zweieck/Zwielicht/18_-_Zuhause/hard_right"
"Zweieck/Zwielicht/18_-_Zuhause/sides"
